{"timestamp":"2026-02-07T18:42:35.943Z","level":"info","sessionId":"test-session-batch","cookieName":"session","action":"parse","result":"success","details":"Parsed successfully with score 100/100","securityScore":100,"processingTime":0.13516599999999812}
{"timestamp":"2026-02-07T18:42:35.944Z","level":"info","sessionId":"test-session-batch","cookieName":"session","action":"validate","result":"success","details":"Validation score: 100/100. Issues: ","securityScore":100,"processingTime":0.003292000000001849}
{"timestamp":"2026-02-07T18:42:35.944Z","level":"info","sessionId":"test-session-batch","cookieName":"user_id","action":"parse","result":"success","details":"Parsed successfully with score 90/100","securityScore":90,"processingTime":0.01854200000000006}
{"timestamp":"2026-02-07T18:42:35.944Z","level":"info","sessionId":"test-session-batch","cookieName":"user_id","action":"validate","result":"success","details":"Validation score: 90/100. Issues: ","securityScore":90,"processingTime":0.0015420000000005984}
{"timestamp":"2026-02-07T18:42:35.945Z","level":"warn","sessionId":"test-session-batch","cookieName":"analytics_gid","action":"parse","result":"success","details":"Parsed successfully with score 65/100","securityScore":65,"processingTime":0.01137499999999747}
{"timestamp":"2026-02-07T18:42:35.945Z","level":"warn","sessionId":"test-session-batch","cookieName":"analytics_gid","action":"validate","result":"failure","details":"Validation score: 65/100. Issues: Missing httpOnly flag","securityScore":65,"processingTime":0.00137499999999946}
{"timestamp":"2026-02-07T18:42:35.945Z","level":"info","sessionId":"test-session-batch","cookieName":"csrf_token","action":"parse","result":"success","details":"Parsed successfully with score 100/100","securityScore":100,"processingTime":0.008583000000001562}
{"timestamp":"2026-02-07T18:42:35.945Z","level":"info","sessionId":"test-session-batch","cookieName":"csrf_token","action":"validate","result":"success","details":"Validation score: 100/100. Issues: ","securityScore":100,"processingTime":0.0012910000000019295}
{"timestamp":"2026-02-07T18:42:35.945Z","level":"info","sessionId":"test-session-batch","cookieName":"preferences","action":"parse","result":"success","details":"Parsed successfully with score 90/100","securityScore":90,"processingTime":0.007208000000002102}
{"timestamp":"2026-02-07T18:42:35.945Z","level":"info","sessionId":"test-session-batch","cookieName":"preferences","action":"validate","result":"success","details":"Validation score: 90/100. Issues: ","securityScore":90,"processingTime":0.0007909999999995421}
{"timestamp":"2026-02-07T18:42:35.945Z","level":"info","sessionId":"test-session-batch","cookieName":"auth_token","action":"parse","result":"success","details":"Parsed successfully with score 100/100","securityScore":100,"processingTime":0.010792000000002133}
{"timestamp":"2026-02-07T18:42:35.945Z","level":"info","sessionId":"test-session-batch","cookieName":"auth_token","action":"validate","result":"success","details":"Validation score: 100/100. Issues: ","securityScore":100,"processingTime":0.0005839999999999179}
{"timestamp":"2026-02-07T18:42:35.945Z","level":"warn","sessionId":"test-session-batch","cookieName":"session_invalid","action":"parse","result":"success","details":"Parsed successfully with score 45/100","securityScore":45,"processingTime":0.004374999999999574}
{"timestamp":"2026-02-07T18:42:35.945Z","level":"warn","sessionId":"test-session-batch","cookieName":"session_invalid","action":"validate","result":"failure","details":"Validation score: 45/100. Issues: Missing secure flag, Missing sameSite attribute","securityScore":45,"processingTime":0.0016250000000006537}
{"timestamp":"2026-02-07T18:42:35.946Z","level":"warn","sessionId":"test-session-batch","cookieName":"tracking_id","action":"parse","result":"success","details":"Parsed successfully with score 65/100","securityScore":65,"processingTime":0.007666000000000395}
{"timestamp":"2026-02-07T18:42:35.946Z","level":"warn","sessionId":"test-session-batch","cookieName":"tracking_id","action":"validate","result":"failure","details":"Validation score: 65/100. Issues: Missing httpOnly flag","securityScore":65,"processingTime":0.0018749999999982947}
{"timestamp":"2026-02-07T18:42:35.946Z","level":"warn","sessionId":"test-session-batch","cookieName":"debug","action":"parse","result":"success","details":"Parsed successfully with score 45/100","securityScore":45,"processingTime":0.010750000000001592}
{"timestamp":"2026-02-07T18:42:35.946Z","level":"warn","sessionId":"test-session-batch","cookieName":"debug","action":"validate","result":"failure","details":"Validation score: 45/100. Issues: Missing secure flag, Missing sameSite attribute","securityScore":45,"processingTime":0.00079200000000057}
{"timestamp":"2026-02-07T18:42:35.946Z","level":"info","sessionId":"test-session-batch","cookieName":"cache_key","action":"parse","result":"success","details":"Parsed successfully with score 100/100","securityScore":100,"processingTime":0.01695799999999892}
{"timestamp":"2026-02-07T18:42:35.946Z","level":"info","sessionId":"test-session-batch","cookieName":"cache_key","action":"validate","result":"success","details":"Validation score: 100/100. Issues: ","securityScore":100,"processingTime":0.0007910000000030948}
