{"timestamp":"2026-02-07T18:42:50.250Z","level":"info","sessionId":"demo-session-enhanced","cookieName":"session","action":"parse","result":"success","details":"Parsed successfully with score 100/100","securityScore":100,"processingTime":0.1367500000000028}
{"timestamp":"2026-02-07T18:42:50.251Z","level":"info","sessionId":"demo-session-enhanced","cookieName":"session","action":"validate","result":"success","details":"Validation score: 100/100. Issues: ","securityScore":100,"processingTime":0.003167000000001252}
{"timestamp":"2026-02-07T18:42:50.252Z","level":"info","sessionId":"demo-session-enhanced","cookieName":"user_id","action":"parse","result":"success","details":"Parsed successfully with score 90/100","securityScore":90,"processingTime":0.014041999999999888}
{"timestamp":"2026-02-07T18:42:50.252Z","level":"info","sessionId":"demo-session-enhanced","cookieName":"user_id","action":"validate","result":"success","details":"Validation score: 90/100. Issues: ","securityScore":90,"processingTime":0.0012909999999983768}
{"timestamp":"2026-02-07T18:42:50.252Z","level":"warn","sessionId":"demo-session-enhanced","cookieName":"analytics_gid","action":"parse","result":"success","details":"Parsed successfully with score 65/100","securityScore":65,"processingTime":0.009707999999999828}
{"timestamp":"2026-02-07T18:42:50.252Z","level":"warn","sessionId":"demo-session-enhanced","cookieName":"analytics_gid","action":"validate","result":"failure","details":"Validation score: 65/100. Issues: Missing httpOnly flag","securityScore":65,"processingTime":0.0024590000000017653}
{"timestamp":"2026-02-07T18:42:50.252Z","level":"info","sessionId":"demo-session-enhanced","cookieName":"csrf_token","action":"parse","result":"success","details":"Parsed successfully with score 100/100","securityScore":100,"processingTime":0.007625000000000881}
{"timestamp":"2026-02-07T18:42:50.253Z","level":"info","sessionId":"demo-session-enhanced","cookieName":"csrf_token","action":"validate","result":"success","details":"Validation score: 100/100. Issues: ","securityScore":100,"processingTime":0.001708000000000709}
{"timestamp":"2026-02-07T18:42:50.253Z","level":"info","sessionId":"demo-session-enhanced","cookieName":"preferences","action":"parse","result":"success","details":"Parsed successfully with score 90/100","securityScore":90,"processingTime":0.03458299999999781}
{"timestamp":"2026-02-07T18:42:50.254Z","level":"info","sessionId":"demo-session-enhanced","cookieName":"preferences","action":"validate","result":"success","details":"Validation score: 90/100. Issues: ","securityScore":90,"processingTime":0.004083000000001391}
{"timestamp":"2026-02-07T18:42:50.254Z","level":"info","sessionId":"demo-session-enhanced","cookieName":"auth_token","action":"parse","result":"success","details":"Parsed successfully with score 100/100","securityScore":100,"processingTime":0.01912499999999895}
{"timestamp":"2026-02-07T18:42:50.254Z","level":"info","sessionId":"demo-session-enhanced","cookieName":"auth_token","action":"validate","result":"success","details":"Validation score: 100/100. Issues: ","securityScore":100,"processingTime":0.0015000000000000568}
{"timestamp":"2026-02-07T18:42:50.254Z","level":"warn","sessionId":"demo-session-enhanced","cookieName":"session_invalid","action":"parse","result":"success","details":"Parsed successfully with score 45/100","securityScore":45,"processingTime":0.009000000000000341}
{"timestamp":"2026-02-07T18:42:50.254Z","level":"warn","sessionId":"demo-session-enhanced","cookieName":"session_invalid","action":"validate","result":"failure","details":"Validation score: 45/100. Issues: Missing secure flag, Missing sameSite attribute","securityScore":45,"processingTime":0.002624999999998323}
{"timestamp":"2026-02-07T18:42:50.254Z","level":"warn","sessionId":"demo-session-enhanced","cookieName":"tracking_id","action":"parse","result":"success","details":"Parsed successfully with score 65/100","securityScore":65,"processingTime":0.0069169999999978415}
{"timestamp":"2026-02-07T18:42:50.254Z","level":"warn","sessionId":"demo-session-enhanced","cookieName":"tracking_id","action":"validate","result":"failure","details":"Validation score: 65/100. Issues: Missing httpOnly flag","securityScore":65,"processingTime":0.0012910000000019295}
{"timestamp":"2026-02-07T18:42:50.255Z","level":"warn","sessionId":"demo-session-enhanced","cookieName":"debug","action":"parse","result":"success","details":"Parsed successfully with score 45/100","securityScore":45,"processingTime":0.010916999999999177}
{"timestamp":"2026-02-07T18:42:50.255Z","level":"warn","sessionId":"demo-session-enhanced","cookieName":"debug","action":"validate","result":"failure","details":"Validation score: 45/100. Issues: Missing secure flag, Missing sameSite attribute","securityScore":45,"processingTime":0.0007089999999969621}
{"timestamp":"2026-02-07T18:42:50.255Z","level":"info","sessionId":"demo-session-enhanced","cookieName":"cache_key","action":"parse","result":"success","details":"Parsed successfully with score 100/100","securityScore":100,"processingTime":0.017917000000000627}
{"timestamp":"2026-02-07T18:42:50.255Z","level":"info","sessionId":"demo-session-enhanced","cookieName":"cache_key","action":"validate","result":"success","details":"Validation score: 100/100. Issues: ","securityScore":100,"processingTime":0.0006249999999994316}
{"timestamp":"2026-02-07T18:43:38.783Z","level":"info","sessionId":"demo-session-enhanced","cookieName":"session","action":"parse","result":"success","details":"Parsed successfully with score 100/100","securityScore":100,"processingTime":0.13904099999999886}
{"timestamp":"2026-02-07T18:43:38.784Z","level":"info","sessionId":"demo-session-enhanced","cookieName":"session","action":"validate","result":"success","details":"Validation score: 100/100. Issues: ","securityScore":100,"processingTime":0.0031250000000007105}
{"timestamp":"2026-02-07T18:43:38.784Z","level":"info","sessionId":"demo-session-enhanced","cookieName":"user_id","action":"parse","result":"success","details":"Parsed successfully with score 90/100","securityScore":90,"processingTime":0.011833999999996792}
{"timestamp":"2026-02-07T18:43:38.784Z","level":"info","sessionId":"demo-session-enhanced","cookieName":"user_id","action":"validate","result":"success","details":"Validation score: 90/100. Issues: ","securityScore":90,"processingTime":0.00158400000000114}
{"timestamp":"2026-02-07T18:43:38.785Z","level":"warn","sessionId":"demo-session-enhanced","cookieName":"analytics_gid","action":"parse","result":"success","details":"Parsed successfully with score 65/100","securityScore":65,"processingTime":0.009250000000001535}
{"timestamp":"2026-02-07T18:43:38.785Z","level":"warn","sessionId":"demo-session-enhanced","cookieName":"analytics_gid","action":"validate","result":"failure","details":"Validation score: 65/100. Issues: Missing httpOnly flag","securityScore":65,"processingTime":0.0022500000000000853}
{"timestamp":"2026-02-07T18:43:38.785Z","level":"info","sessionId":"demo-session-enhanced","cookieName":"csrf_token","action":"parse","result":"success","details":"Parsed successfully with score 100/100","securityScore":100,"processingTime":0.010750000000001592}
{"timestamp":"2026-02-07T18:43:38.785Z","level":"info","sessionId":"demo-session-enhanced","cookieName":"csrf_token","action":"validate","result":"success","details":"Validation score: 100/100. Issues: ","securityScore":100,"processingTime":0.0010410000000007358}
{"timestamp":"2026-02-07T18:43:38.785Z","level":"info","sessionId":"demo-session-enhanced","cookieName":"preferences","action":"parse","result":"success","details":"Parsed successfully with score 90/100","securityScore":90,"processingTime":0.0064170000000025595}
{"timestamp":"2026-02-07T18:43:38.785Z","level":"info","sessionId":"demo-session-enhanced","cookieName":"preferences","action":"validate","result":"success","details":"Validation score: 90/100. Issues: ","securityScore":90,"processingTime":0.0007909999999995421}
{"timestamp":"2026-02-07T18:43:38.785Z","level":"info","sessionId":"demo-session-enhanced","cookieName":"auth_token","action":"parse","result":"success","details":"Parsed successfully with score 100/100","securityScore":100,"processingTime":0.009374999999998579}
{"timestamp":"2026-02-07T18:43:38.786Z","level":"info","sessionId":"demo-session-enhanced","cookieName":"auth_token","action":"validate","result":"success","details":"Validation score: 100/100. Issues: ","securityScore":100,"processingTime":0.0007910000000030948}
{"timestamp":"2026-02-07T18:43:38.786Z","level":"warn","sessionId":"demo-session-enhanced","cookieName":"session_invalid","action":"parse","result":"success","details":"Parsed successfully with score 45/100","securityScore":45,"processingTime":0.0035840000000000316}
{"timestamp":"2026-02-07T18:43:38.786Z","level":"warn","sessionId":"demo-session-enhanced","cookieName":"session_invalid","action":"validate","result":"failure","details":"Validation score: 45/100. Issues: Missing secure flag, Missing sameSite attribute","securityScore":45,"processingTime":0.0017499999999976978}
{"timestamp":"2026-02-07T18:43:38.786Z","level":"warn","sessionId":"demo-session-enhanced","cookieName":"tracking_id","action":"parse","result":"success","details":"Parsed successfully with score 65/100","securityScore":65,"processingTime":0.004708000000000823}
{"timestamp":"2026-02-07T18:43:38.786Z","level":"warn","sessionId":"demo-session-enhanced","cookieName":"tracking_id","action":"validate","result":"failure","details":"Validation score: 65/100. Issues: Missing httpOnly flag","securityScore":65,"processingTime":0.0007500000000000284}
{"timestamp":"2026-02-07T18:43:38.786Z","level":"warn","sessionId":"demo-session-enhanced","cookieName":"debug","action":"parse","result":"success","details":"Parsed successfully with score 45/100","securityScore":45,"processingTime":0.007625000000000881}
{"timestamp":"2026-02-07T18:43:38.786Z","level":"warn","sessionId":"demo-session-enhanced","cookieName":"debug","action":"validate","result":"failure","details":"Validation score: 45/100. Issues: Missing secure flag, Missing sameSite attribute","securityScore":45,"processingTime":0.010124999999998607}
{"timestamp":"2026-02-07T18:43:38.786Z","level":"info","sessionId":"demo-session-enhanced","cookieName":"cache_key","action":"parse","result":"success","details":"Parsed successfully with score 100/100","securityScore":100,"processingTime":0.014834000000000458}
{"timestamp":"2026-02-07T18:43:38.786Z","level":"info","sessionId":"demo-session-enhanced","cookieName":"cache_key","action":"validate","result":"success","details":"Validation score: 100/100. Issues: ","securityScore":100,"processingTime":0.0016660000000001673}
