{"timestamp":"2026-02-05T16:48:27.564Z","operation":"read","secretName":"NODE_ENV","service":"environment","success":true}
{"timestamp":"2026-02-05T16:48:27.565Z","operation":"read","secretName":"DATABASE_URL","service":"test-service","success":true,"duration":50,"userId":"test-user-123","sessionId":"session-456","ipAddress":"127.0.0.1","userAgent":"test-agent"}
{"timestamp":"2026-02-05T16:48:27.565Z","operation":"read","secretName":"API_KEY","service":"test-service","success":false,"duration":25,"errorCode":"NOT_FOUND","userId":"test-user-123","sessionId":"session-456","ipAddress":"127.0.0.1","userAgent":"test-agent"}
{"timestamp":"2026-02-05T16:48:27.573Z","operation":"read","secretName":"TEST_VAR","service":"environment","success":true}
{"timestamp":"2026-02-05T16:48:27.573Z","operation":"read","secretName":"TEST_NUMBER","service":"environment","success":true}
{"timestamp":"2026-02-05T16:48:27.573Z","operation":"access_attempt","secretName":"TEST_SENSITIVE","service":"environment","success":false,"errorCode":"Environment variable not found"}
{"timestamp":"2026-02-05T16:48:42.015Z","operation":"read","secretName":"NODE_ENV","service":"environment","success":true}
{"timestamp":"2026-02-05T16:48:42.016Z","operation":"read","secretName":"DATABASE_URL","service":"test-service","success":true,"duration":50,"userId":"test-user-123","sessionId":"session-456","ipAddress":"127.0.0.1","userAgent":"test-agent"}
{"timestamp":"2026-02-05T16:48:42.016Z","operation":"read","secretName":"API_KEY","service":"test-service","success":false,"duration":25,"errorCode":"NOT_FOUND","userId":"test-user-123","sessionId":"session-456","ipAddress":"127.0.0.1","userAgent":"test-agent"}
{"timestamp":"2026-02-05T16:48:42.023Z","operation":"read","secretName":"TEST_VAR","service":"environment","success":true}
{"timestamp":"2026-02-05T16:48:42.023Z","operation":"read","secretName":"TEST_NUMBER","service":"environment","success":true}
{"timestamp":"2026-02-05T16:48:42.023Z","operation":"access_attempt","secretName":"TEST_SENSITIVE","service":"environment","success":false,"errorCode":"Environment variable not found"}
{"timestamp":"2026-02-05T16:48:55.384Z","operation":"read","secretName":"NODE_ENV","service":"environment","success":true}
{"timestamp":"2026-02-05T16:48:55.385Z","operation":"read","secretName":"DATABASE_URL","service":"test-service","success":true,"duration":50,"userId":"test-user-123","sessionId":"session-456","ipAddress":"127.0.0.1","userAgent":"test-agent"}
{"timestamp":"2026-02-05T16:48:55.385Z","operation":"read","secretName":"API_KEY","service":"test-service","success":false,"duration":25,"errorCode":"NOT_FOUND","userId":"test-user-123","sessionId":"session-456","ipAddress":"127.0.0.1","userAgent":"test-agent"}
{"timestamp":"2026-02-05T16:48:58.713Z","operation":"read","secretName":"NODE_ENV","service":"environment","success":true}
{"timestamp":"2026-02-05T16:48:58.714Z","operation":"read","secretName":"DATABASE_URL","service":"test-service","success":true,"duration":50,"userId":"test-user-123","sessionId":"session-456","ipAddress":"127.0.0.1","userAgent":"test-agent"}
{"timestamp":"2026-02-05T16:48:58.714Z","operation":"read","secretName":"API_KEY","service":"test-service","success":false,"duration":25,"errorCode":"NOT_FOUND","userId":"test-user-123","sessionId":"session-456","ipAddress":"127.0.0.1","userAgent":"test-agent"}
{"timestamp":"2026-02-05T16:49:09.615Z","operation":"read","secretName":"NODE_ENV","service":"environment","success":true}
{"timestamp":"2026-02-05T16:49:09.615Z","operation":"read","secretName":"DATABASE_URL","service":"test-service","success":true,"duration":50,"userId":"test-user-123","sessionId":"session-456","ipAddress":"127.0.0.1","userAgent":"test-agent"}
{"timestamp":"2026-02-05T16:49:09.615Z","operation":"read","secretName":"API_KEY","service":"test-service","success":false,"duration":25,"errorCode":"NOT_FOUND","userId":"test-user-123","sessionId":"session-456","ipAddress":"127.0.0.1","userAgent":"test-agent"}
{"timestamp":"2026-02-05T17:07:23.793Z","operation":"anomaly_detection","secretName":"Multiple Failed Login Attempts","service":"security-monitor","success":false,"errorCode":"ANOMALY_DETECTED"}
{"timestamp":"2026-02-05T17:07:23.801Z","operation":"anomaly_detection","secretName":"Unusual Access Pattern","service":"security-monitor","success":false,"errorCode":"ANOMALY_DETECTED"}
{"timestamp":"2026-02-05T17:07:23.811Z","operation":"anomaly_detection","secretName":"Multiple Failed Login Attempts","service":"security-monitor","success":false,"errorCode":"ANOMALY_DETECTED"}
{"timestamp":"2026-02-05T17:07:23.816Z","operation":"anomaly_detection","secretName":"Unusual Access Pattern","service":"security-monitor","success":false,"errorCode":"ANOMALY_DETECTED"}
{"timestamp":"2026-02-05T17:07:23.828Z","operation":"anomaly_detection","secretName":"Multiple Failed Login Attempts","service":"security-monitor","success":false,"errorCode":"ANOMALY_DETECTED"}
{"timestamp":"2026-02-05T17:07:23.841Z","operation":"anomaly_detection","secretName":"Unusual Access Pattern","service":"security-monitor","success":false,"errorCode":"ANOMALY_DETECTED"}
{"timestamp":"2026-02-05T17:07:23.844Z","operation":"anomaly_detection","secretName":"Multiple Failed Login Attempts","service":"security-monitor","success":false,"errorCode":"ANOMALY_DETECTED"}
{"timestamp":"2026-02-05T17:07:23.846Z","operation":"anomaly_detection","secretName":"Unusual Access Pattern","service":"security-monitor","success":false,"errorCode":"ANOMALY_DETECTED"}
{"timestamp":"2026-02-05T17:07:23.849Z","operation":"anomaly_detection","secretName":"Multiple Failed Login Attempts","service":"security-monitor","success":false,"errorCode":"ANOMALY_DETECTED"}
{"timestamp":"2026-02-05T17:07:23.854Z","operation":"anomaly_detection","secretName":"Unusual Access Pattern","service":"security-monitor","success":false,"errorCode":"ANOMALY_DETECTED"}
{"timestamp":"2026-02-05T17:07:23.859Z","operation":"anomaly_detection","secretName":"Multiple Failed Login Attempts","service":"security-monitor","success":false,"errorCode":"ANOMALY_DETECTED"}
{"timestamp":"2026-02-05T17:07:23.874Z","operation":"anomaly_detection","secretName":"Unusual Access Pattern","service":"security-monitor","success":false,"errorCode":"ANOMALY_DETECTED"}
{"timestamp":"2026-02-05T17:07:23.880Z","operation":"anomaly_detection","secretName":"Multiple Failed Login Attempts","service":"security-monitor","success":false,"errorCode":"ANOMALY_DETECTED"}
{"timestamp":"2026-02-05T17:07:23.884Z","operation":"anomaly_detection","secretName":"Unusual Access Pattern","service":"security-monitor","success":false,"errorCode":"ANOMALY_DETECTED"}
{"timestamp":"2026-02-05T17:07:23.893Z","operation":"anomaly_detection","secretName":"Multiple Failed Login Attempts","service":"security-monitor","success":false,"errorCode":"ANOMALY_DETECTED"}
{"timestamp":"2026-02-05T17:07:23.894Z","operation":"anomaly_detection","secretName":"Unusual Access Pattern","service":"security-monitor","success":false,"errorCode":"ANOMALY_DETECTED"}
{"timestamp":"2026-02-05T17:07:23.901Z","operation":"anomaly_detection","secretName":"Multiple Failed Login Attempts","service":"security-monitor","success":false,"errorCode":"ANOMALY_DETECTED"}
{"timestamp":"2026-02-05T17:07:23.903Z","operation":"anomaly_detection","secretName":"Unusual Access Pattern","service":"security-monitor","success":false,"errorCode":"ANOMALY_DETECTED"}
{"timestamp":"2026-02-05T17:07:23.904Z","operation":"anomaly_detection","secretName":"Multiple Failed Login Attempts","service":"security-monitor","success":false,"errorCode":"ANOMALY_DETECTED"}
{"timestamp":"2026-02-05T17:07:23.906Z","operation":"anomaly_detection","secretName":"Unusual Access Pattern","service":"security-monitor","success":false,"errorCode":"ANOMALY_DETECTED"}
{"timestamp":"2026-02-05T17:07:23.907Z","operation":"anomaly_detection","secretName":"Multiple Failed Login Attempts","service":"security-monitor","success":false,"errorCode":"ANOMALY_DETECTED"}
{"timestamp":"2026-02-05T17:07:23.934Z","operation":"anomaly_detection","secretName":"Unusual Access Pattern","service":"security-monitor","success":false,"errorCode":"ANOMALY_DETECTED"}
{"timestamp":"2026-02-05T17:07:23.940Z","operation":"authentication","secretName":"test-user-001-authentication","service":"zero-trust-manager","success":true,"userId":"test-user-001","ipAddress":"127.0.0.1"}
{"timestamp":"2026-02-05T17:07:23.949Z","operation":"anomaly_detection","secretName":"Multiple Failed Login Attempts","service":"security-monitor","success":false,"errorCode":"ANOMALY_DETECTED"}
{"timestamp":"2026-02-05T17:07:23.951Z","operation":"anomaly_detection","secretName":"Unusual Access Pattern","service":"security-monitor","success":false,"errorCode":"ANOMALY_DETECTED"}
{"timestamp":"2026-02-05T17:07:23.952Z","operation":"anomaly_detection","secretName":"Multiple Failed Login Attempts","service":"security-monitor","success":false,"errorCode":"ANOMALY_DETECTED"}
{"timestamp":"2026-02-05T17:07:23.962Z","operation":"anomaly_detection","secretName":"Unusual Access Pattern","service":"security-monitor","success":false,"errorCode":"ANOMALY_DETECTED"}
{"timestamp":"2026-02-05T17:07:23.970Z","operation":"anomaly_detection","secretName":"Multiple Failed Login Attempts","service":"security-monitor","success":false,"errorCode":"ANOMALY_DETECTED"}
{"timestamp":"2026-02-05T17:07:23.985Z","operation":"anomaly_detection","secretName":"Unusual Access Pattern","service":"security-monitor","success":false,"errorCode":"ANOMALY_DETECTED"}
{"timestamp":"2026-02-05T17:07:23.986Z","operation":"anomaly_detection","secretName":"Multiple Failed Login Attempts","service":"security-monitor","success":false,"errorCode":"ANOMALY_DETECTED"}
{"timestamp":"2026-02-05T17:07:23.986Z","operation":"anomaly_detection","secretName":"Unusual Access Pattern","service":"security-monitor","success":false,"errorCode":"ANOMALY_DETECTED"}
{"timestamp":"2026-02-05T17:07:23.989Z","operation":"anomaly_detection","secretName":"Multiple Failed Login Attempts","service":"security-monitor","success":false,"errorCode":"ANOMALY_DETECTED"}
{"timestamp":"2026-02-05T17:07:23.990Z","operation":"anomaly_detection","secretName":"Unusual Access Pattern","service":"security-monitor","success":false,"errorCode":"ANOMALY_DETECTED"}
{"timestamp":"2026-02-05T17:07:23.991Z","operation":"anomaly_detection","secretName":"Multiple Failed Login Attempts","service":"security-monitor","success":false,"errorCode":"ANOMALY_DETECTED"}
{"timestamp":"2026-02-05T17:07:23.998Z","operation":"anomaly_detection","secretName":"Unusual Access Pattern","service":"security-monitor","success":false,"errorCode":"ANOMALY_DETECTED"}
{"timestamp":"2026-02-05T17:07:24.001Z","operation":"anomaly_detection","secretName":"Multiple Failed Login Attempts","service":"security-monitor","success":false,"errorCode":"ANOMALY_DETECTED"}
{"timestamp":"2026-02-05T17:07:24.005Z","operation":"anomaly_detection","secretName":"Unusual Access Pattern","service":"security-monitor","success":false,"errorCode":"ANOMALY_DETECTED"}
{"timestamp":"2026-02-05T17:07:24.008Z","operation":"anomaly_detection","secretName":"Multiple Failed Login Attempts","service":"security-monitor","success":false,"errorCode":"ANOMALY_DETECTED"}
{"timestamp":"2026-02-05T17:07:24.010Z","operation":"anomaly_detection","secretName":"Unusual Access Pattern","service":"security-monitor","success":false,"errorCode":"ANOMALY_DETECTED"}
{"timestamp":"2026-02-05T17:07:24.017Z","operation":"anomaly_detection","secretName":"Multiple Failed Login Attempts","service":"security-monitor","success":false,"errorCode":"ANOMALY_DETECTED"}
{"timestamp":"2026-02-05T17:07:24.019Z","operation":"anomaly_detection","secretName":"Unusual Access Pattern","service":"security-monitor","success":false,"errorCode":"ANOMALY_DETECTED"}
{"timestamp":"2026-02-05T17:07:24.020Z","operation":"anomaly_detection","secretName":"Multiple Failed Login Attempts","service":"security-monitor","success":false,"errorCode":"ANOMALY_DETECTED"}
{"timestamp":"2026-02-05T17:07:24.021Z","operation":"anomaly_detection","secretName":"Unusual Access Pattern","service":"security-monitor","success":false,"errorCode":"ANOMALY_DETECTED"}
{"timestamp":"2026-02-05T17:07:24.026Z","operation":"anomaly_detection","secretName":"Multiple Failed Login Attempts","service":"security-monitor","success":false,"errorCode":"ANOMALY_DETECTED"}
{"timestamp":"2026-02-05T17:07:24.040Z","operation":"anomaly_detection","secretName":"Unusual Access Pattern","service":"security-monitor","success":false,"errorCode":"ANOMALY_DETECTED"}
{"timestamp":"2026-02-05T17:08:39.247Z","operation":"anomaly_detection","secretName":"Multiple Failed Login Attempts","service":"security-monitor","success":false,"errorCode":"ANOMALY_DETECTED"}
{"timestamp":"2026-02-05T17:08:39.252Z","operation":"anomaly_detection","secretName":"Unusual Access Pattern","service":"security-monitor","success":false,"errorCode":"ANOMALY_DETECTED"}
{"timestamp":"2026-02-05T17:08:39.261Z","operation":"anomaly_detection","secretName":"Multiple Failed Login Attempts","service":"security-monitor","success":false,"errorCode":"ANOMALY_DETECTED"}
{"timestamp":"2026-02-05T17:08:39.270Z","operation":"anomaly_detection","secretName":"Unusual Access Pattern","service":"security-monitor","success":false,"errorCode":"ANOMALY_DETECTED"}
{"timestamp":"2026-02-05T17:08:39.280Z","operation":"anomaly_detection","secretName":"Multiple Failed Login Attempts","service":"security-monitor","success":false,"errorCode":"ANOMALY_DETECTED"}
{"timestamp":"2026-02-05T17:08:39.284Z","operation":"anomaly_detection","secretName":"Unusual Access Pattern","service":"security-monitor","success":false,"errorCode":"ANOMALY_DETECTED"}
{"timestamp":"2026-02-05T17:08:39.288Z","operation":"anomaly_detection","secretName":"Multiple Failed Login Attempts","service":"security-monitor","success":false,"errorCode":"ANOMALY_DETECTED"}
{"timestamp":"2026-02-05T17:08:39.289Z","operation":"anomaly_detection","secretName":"Unusual Access Pattern","service":"security-monitor","success":false,"errorCode":"ANOMALY_DETECTED"}
{"timestamp":"2026-02-05T17:08:39.293Z","operation":"anomaly_detection","secretName":"Multiple Failed Login Attempts","service":"security-monitor","success":false,"errorCode":"ANOMALY_DETECTED"}
{"timestamp":"2026-02-05T17:08:39.295Z","operation":"anomaly_detection","secretName":"Unusual Access Pattern","service":"security-monitor","success":false,"errorCode":"ANOMALY_DETECTED"}
{"timestamp":"2026-02-05T17:08:39.299Z","operation":"anomaly_detection","secretName":"Multiple Failed Login Attempts","service":"security-monitor","success":false,"errorCode":"ANOMALY_DETECTED"}
{"timestamp":"2026-02-05T17:08:39.305Z","operation":"anomaly_detection","secretName":"Unusual Access Pattern","service":"security-monitor","success":false,"errorCode":"ANOMALY_DETECTED"}
{"timestamp":"2026-02-05T17:08:39.319Z","operation":"anomaly_detection","secretName":"Multiple Failed Login Attempts","service":"security-monitor","success":false,"errorCode":"ANOMALY_DETECTED"}
{"timestamp":"2026-02-05T17:08:39.323Z","operation":"anomaly_detection","secretName":"Unusual Access Pattern","service":"security-monitor","success":false,"errorCode":"ANOMALY_DETECTED"}
{"timestamp":"2026-02-05T17:08:39.325Z","operation":"anomaly_detection","secretName":"Multiple Failed Login Attempts","service":"security-monitor","success":false,"errorCode":"ANOMALY_DETECTED"}
{"timestamp":"2026-02-05T17:08:39.337Z","operation":"anomaly_detection","secretName":"Unusual Access Pattern","service":"security-monitor","success":false,"errorCode":"ANOMALY_DETECTED"}
{"timestamp":"2026-02-05T17:08:39.341Z","operation":"anomaly_detection","secretName":"Multiple Failed Login Attempts","service":"security-monitor","success":false,"errorCode":"ANOMALY_DETECTED"}
{"timestamp":"2026-02-05T17:08:39.356Z","operation":"anomaly_detection","secretName":"Unusual Access Pattern","service":"security-monitor","success":false,"errorCode":"ANOMALY_DETECTED"}
{"timestamp":"2026-02-05T17:08:39.358Z","operation":"anomaly_detection","secretName":"Multiple Failed Login Attempts","service":"security-monitor","success":false,"errorCode":"ANOMALY_DETECTED"}
{"timestamp":"2026-02-05T17:08:39.359Z","operation":"anomaly_detection","secretName":"Unusual Access Pattern","service":"security-monitor","success":false,"errorCode":"ANOMALY_DETECTED"}
{"timestamp":"2026-02-05T17:08:39.360Z","operation":"anomaly_detection","secretName":"Multiple Failed Login Attempts","service":"security-monitor","success":false,"errorCode":"ANOMALY_DETECTED"}
{"timestamp":"2026-02-05T17:08:39.368Z","operation":"anomaly_detection","secretName":"Unusual Access Pattern","service":"security-monitor","success":false,"errorCode":"ANOMALY_DETECTED"}
{"timestamp":"2026-02-05T17:09:20.816Z","operation":"anomaly_detection","secretName":"Multiple Failed Login Attempts","service":"security-monitor","success":false,"errorCode":"ANOMALY_DETECTED"}
{"timestamp":"2026-02-05T17:09:20.824Z","operation":"anomaly_detection","secretName":"Unusual Access Pattern","service":"security-monitor","success":false,"errorCode":"ANOMALY_DETECTED"}
{"timestamp":"2026-02-05T17:09:20.828Z","operation":"anomaly_detection","secretName":"Multiple Failed Login Attempts","service":"security-monitor","success":false,"errorCode":"ANOMALY_DETECTED"}
{"timestamp":"2026-02-05T17:09:20.836Z","operation":"anomaly_detection","secretName":"Unusual Access Pattern","service":"security-monitor","success":false,"errorCode":"ANOMALY_DETECTED"}
{"timestamp":"2026-02-05T17:09:20.849Z","operation":"anomaly_detection","secretName":"Multiple Failed Login Attempts","service":"security-monitor","success":false,"errorCode":"ANOMALY_DETECTED"}
{"timestamp":"2026-02-05T17:09:20.853Z","operation":"anomaly_detection","secretName":"Unusual Access Pattern","service":"security-monitor","success":false,"errorCode":"ANOMALY_DETECTED"}
{"timestamp":"2026-02-05T17:09:20.861Z","operation":"anomaly_detection","secretName":"Multiple Failed Login Attempts","service":"security-monitor","success":false,"errorCode":"ANOMALY_DETECTED"}
{"timestamp":"2026-02-05T17:09:20.866Z","operation":"anomaly_detection","secretName":"Unusual Access Pattern","service":"security-monitor","success":false,"errorCode":"ANOMALY_DETECTED"}
{"timestamp":"2026-02-05T17:09:20.868Z","operation":"anomaly_detection","secretName":"Multiple Failed Login Attempts","service":"security-monitor","success":false,"errorCode":"ANOMALY_DETECTED"}
{"timestamp":"2026-02-05T17:09:20.872Z","operation":"anomaly_detection","secretName":"Unusual Access Pattern","service":"security-monitor","success":false,"errorCode":"ANOMALY_DETECTED"}
{"timestamp":"2026-02-05T17:09:20.874Z","operation":"anomaly_detection","secretName":"Multiple Failed Login Attempts","service":"security-monitor","success":false,"errorCode":"ANOMALY_DETECTED"}
{"timestamp":"2026-02-05T17:09:20.878Z","operation":"anomaly_detection","secretName":"Unusual Access Pattern","service":"security-monitor","success":false,"errorCode":"ANOMALY_DETECTED"}
{"timestamp":"2026-02-05T17:09:20.879Z","operation":"anomaly_detection","secretName":"Multiple Failed Login Attempts","service":"security-monitor","success":false,"errorCode":"ANOMALY_DETECTED"}
{"timestamp":"2026-02-05T17:09:20.887Z","operation":"anomaly_detection","secretName":"Unusual Access Pattern","service":"security-monitor","success":false,"errorCode":"ANOMALY_DETECTED"}
{"timestamp":"2026-02-05T17:09:20.898Z","operation":"anomaly_detection","secretName":"Multiple Failed Login Attempts","service":"security-monitor","success":false,"errorCode":"ANOMALY_DETECTED"}
{"timestamp":"2026-02-05T17:09:20.901Z","operation":"anomaly_detection","secretName":"Unusual Access Pattern","service":"security-monitor","success":false,"errorCode":"ANOMALY_DETECTED"}
{"timestamp":"2026-02-05T17:09:20.907Z","operation":"anomaly_detection","secretName":"Multiple Failed Login Attempts","service":"security-monitor","success":false,"errorCode":"ANOMALY_DETECTED"}
{"timestamp":"2026-02-05T17:09:20.912Z","operation":"anomaly_detection","secretName":"Unusual Access Pattern","service":"security-monitor","success":false,"errorCode":"ANOMALY_DETECTED"}
{"timestamp":"2026-02-05T17:09:20.922Z","operation":"anomaly_detection","secretName":"Multiple Failed Login Attempts","service":"security-monitor","success":false,"errorCode":"ANOMALY_DETECTED"}
{"timestamp":"2026-02-05T17:09:20.928Z","operation":"anomaly_detection","secretName":"Unusual Access Pattern","service":"security-monitor","success":false,"errorCode":"ANOMALY_DETECTED"}
{"timestamp":"2026-02-05T17:09:20.931Z","operation":"anomaly_detection","secretName":"Multiple Failed Login Attempts","service":"security-monitor","success":false,"errorCode":"ANOMALY_DETECTED"}
{"timestamp":"2026-02-05T17:09:20.936Z","operation":"anomaly_detection","secretName":"Unusual Access Pattern","service":"security-monitor","success":false,"errorCode":"ANOMALY_DETECTED"}
{"timestamp":"2026-02-05T17:09:50.861Z","operation":"anomaly_detection","secretName":"Multiple Failed Login Attempts","service":"security-monitor","success":false,"errorCode":"ANOMALY_DETECTED"}
{"timestamp":"2026-02-05T17:09:50.866Z","operation":"anomaly_detection","secretName":"Unusual Access Pattern","service":"security-monitor","success":false,"errorCode":"ANOMALY_DETECTED"}
{"timestamp":"2026-02-05T17:09:50.872Z","operation":"anomaly_detection","secretName":"Multiple Failed Login Attempts","service":"security-monitor","success":false,"errorCode":"ANOMALY_DETECTED"}
{"timestamp":"2026-02-05T17:09:50.875Z","operation":"anomaly_detection","secretName":"Unusual Access Pattern","service":"security-monitor","success":false,"errorCode":"ANOMALY_DETECTED"}
{"timestamp":"2026-02-05T17:09:50.887Z","operation":"anomaly_detection","secretName":"Multiple Failed Login Attempts","service":"security-monitor","success":false,"errorCode":"ANOMALY_DETECTED"}
{"timestamp":"2026-02-05T17:09:50.890Z","operation":"anomaly_detection","secretName":"Unusual Access Pattern","service":"security-monitor","success":false,"errorCode":"ANOMALY_DETECTED"}
{"timestamp":"2026-02-05T17:09:50.891Z","operation":"anomaly_detection","secretName":"Multiple Failed Login Attempts","service":"security-monitor","success":false,"errorCode":"ANOMALY_DETECTED"}
{"timestamp":"2026-02-05T17:09:50.894Z","operation":"anomaly_detection","secretName":"Unusual Access Pattern","service":"security-monitor","success":false,"errorCode":"ANOMALY_DETECTED"}
{"timestamp":"2026-02-05T17:09:50.899Z","operation":"anomaly_detection","secretName":"Multiple Failed Login Attempts","service":"security-monitor","success":false,"errorCode":"ANOMALY_DETECTED"}
{"timestamp":"2026-02-05T17:09:50.900Z","operation":"anomaly_detection","secretName":"Unusual Access Pattern","service":"security-monitor","success":false,"errorCode":"ANOMALY_DETECTED"}
{"timestamp":"2026-02-05T17:09:50.905Z","operation":"anomaly_detection","secretName":"Multiple Failed Login Attempts","service":"security-monitor","success":false,"errorCode":"ANOMALY_DETECTED"}
{"timestamp":"2026-02-05T17:09:50.905Z","operation":"anomaly_detection","secretName":"Unusual Access Pattern","service":"security-monitor","success":false,"errorCode":"ANOMALY_DETECTED"}
{"timestamp":"2026-02-05T17:09:50.909Z","operation":"anomaly_detection","secretName":"Multiple Failed Login Attempts","service":"security-monitor","success":false,"errorCode":"ANOMALY_DETECTED"}
{"timestamp":"2026-02-05T17:09:50.917Z","operation":"anomaly_detection","secretName":"Unusual Access Pattern","service":"security-monitor","success":false,"errorCode":"ANOMALY_DETECTED"}
{"timestamp":"2026-02-05T17:09:50.923Z","operation":"anomaly_detection","secretName":"Multiple Failed Login Attempts","service":"security-monitor","success":false,"errorCode":"ANOMALY_DETECTED"}
{"timestamp":"2026-02-05T17:09:50.925Z","operation":"anomaly_detection","secretName":"Unusual Access Pattern","service":"security-monitor","success":false,"errorCode":"ANOMALY_DETECTED"}
{"timestamp":"2026-02-05T17:09:50.927Z","operation":"anomaly_detection","secretName":"Multiple Failed Login Attempts","service":"security-monitor","success":false,"errorCode":"ANOMALY_DETECTED"}
{"timestamp":"2026-02-05T17:09:50.928Z","operation":"anomaly_detection","secretName":"Unusual Access Pattern","service":"security-monitor","success":false,"errorCode":"ANOMALY_DETECTED"}
{"timestamp":"2026-02-05T17:09:50.931Z","operation":"anomaly_detection","secretName":"Multiple Failed Login Attempts","service":"security-monitor","success":false,"errorCode":"ANOMALY_DETECTED"}
{"timestamp":"2026-02-05T17:09:50.932Z","operation":"anomaly_detection","secretName":"Unusual Access Pattern","service":"security-monitor","success":false,"errorCode":"ANOMALY_DETECTED"}
{"timestamp":"2026-02-05T17:09:50.934Z","operation":"anomaly_detection","secretName":"Multiple Failed Login Attempts","service":"security-monitor","success":false,"errorCode":"ANOMALY_DETECTED"}
{"timestamp":"2026-02-05T17:09:50.936Z","operation":"anomaly_detection","secretName":"Unusual Access Pattern","service":"security-monitor","success":false,"errorCode":"ANOMALY_DETECTED"}
{"timestamp":"2026-02-05T17:10:20.747Z","operation":"anomaly_detection","secretName":"Multiple Failed Login Attempts","service":"security-monitor","success":false,"errorCode":"ANOMALY_DETECTED"}
{"timestamp":"2026-02-05T17:10:20.750Z","operation":"anomaly_detection","secretName":"Unusual Access Pattern","service":"security-monitor","success":false,"errorCode":"ANOMALY_DETECTED"}
{"timestamp":"2026-02-05T17:10:20.751Z","operation":"anomaly_detection","secretName":"Multiple Failed Login Attempts","service":"security-monitor","success":false,"errorCode":"ANOMALY_DETECTED"}
{"timestamp":"2026-02-05T17:10:20.751Z","operation":"anomaly_detection","secretName":"Unusual Access Pattern","service":"security-monitor","success":false,"errorCode":"ANOMALY_DETECTED"}
{"timestamp":"2026-02-05T17:10:20.753Z","operation":"anomaly_detection","secretName":"Multiple Failed Login Attempts","service":"security-monitor","success":false,"errorCode":"ANOMALY_DETECTED"}
{"timestamp":"2026-02-05T17:10:20.754Z","operation":"anomaly_detection","secretName":"Unusual Access Pattern","service":"security-monitor","success":false,"errorCode":"ANOMALY_DETECTED"}
{"timestamp":"2026-02-05T17:10:20.755Z","operation":"anomaly_detection","secretName":"Multiple Failed Login Attempts","service":"security-monitor","success":false,"errorCode":"ANOMALY_DETECTED"}
{"timestamp":"2026-02-05T17:10:20.755Z","operation":"anomaly_detection","secretName":"Unusual Access Pattern","service":"security-monitor","success":false,"errorCode":"ANOMALY_DETECTED"}
{"timestamp":"2026-02-05T17:10:20.755Z","operation":"anomaly_detection","secretName":"Multiple Failed Login Attempts","service":"security-monitor","success":false,"errorCode":"ANOMALY_DETECTED"}
{"timestamp":"2026-02-05T17:10:20.756Z","operation":"anomaly_detection","secretName":"Unusual Access Pattern","service":"security-monitor","success":false,"errorCode":"ANOMALY_DETECTED"}
{"timestamp":"2026-02-05T17:10:20.758Z","operation":"anomaly_detection","secretName":"Multiple Failed Login Attempts","service":"security-monitor","success":false,"errorCode":"ANOMALY_DETECTED"}
{"timestamp":"2026-02-05T17:10:20.759Z","operation":"anomaly_detection","secretName":"Unusual Access Pattern","service":"security-monitor","success":false,"errorCode":"ANOMALY_DETECTED"}
{"timestamp":"2026-02-05T17:10:20.760Z","operation":"anomaly_detection","secretName":"Multiple Failed Login Attempts","service":"security-monitor","success":false,"errorCode":"ANOMALY_DETECTED"}
{"timestamp":"2026-02-05T17:10:20.762Z","operation":"anomaly_detection","secretName":"Unusual Access Pattern","service":"security-monitor","success":false,"errorCode":"ANOMALY_DETECTED"}
{"timestamp":"2026-02-05T17:10:20.764Z","operation":"anomaly_detection","secretName":"Multiple Failed Login Attempts","service":"security-monitor","success":false,"errorCode":"ANOMALY_DETECTED"}
{"timestamp":"2026-02-05T17:10:20.767Z","operation":"anomaly_detection","secretName":"Unusual Access Pattern","service":"security-monitor","success":false,"errorCode":"ANOMALY_DETECTED"}
{"timestamp":"2026-02-05T17:10:20.772Z","operation":"anomaly_detection","secretName":"Multiple Failed Login Attempts","service":"security-monitor","success":false,"errorCode":"ANOMALY_DETECTED"}
{"timestamp":"2026-02-05T17:10:20.775Z","operation":"anomaly_detection","secretName":"Unusual Access Pattern","service":"security-monitor","success":false,"errorCode":"ANOMALY_DETECTED"}
{"timestamp":"2026-02-05T17:10:20.780Z","operation":"anomaly_detection","secretName":"Multiple Failed Login Attempts","service":"security-monitor","success":false,"errorCode":"ANOMALY_DETECTED"}
{"timestamp":"2026-02-05T17:10:20.782Z","operation":"anomaly_detection","secretName":"Unusual Access Pattern","service":"security-monitor","success":false,"errorCode":"ANOMALY_DETECTED"}
{"timestamp":"2026-02-05T17:10:20.783Z","operation":"anomaly_detection","secretName":"Multiple Failed Login Attempts","service":"security-monitor","success":false,"errorCode":"ANOMALY_DETECTED"}
{"timestamp":"2026-02-05T17:10:20.789Z","operation":"anomaly_detection","secretName":"Unusual Access Pattern","service":"security-monitor","success":false,"errorCode":"ANOMALY_DETECTED"}
{"timestamp":"2026-02-05T17:10:50.750Z","operation":"anomaly_detection","secretName":"Multiple Failed Login Attempts","service":"security-monitor","success":false,"errorCode":"ANOMALY_DETECTED"}
{"timestamp":"2026-02-05T17:10:50.753Z","operation":"anomaly_detection","secretName":"Unusual Access Pattern","service":"security-monitor","success":false,"errorCode":"ANOMALY_DETECTED"}
{"timestamp":"2026-02-05T17:10:50.755Z","operation":"anomaly_detection","secretName":"Multiple Failed Login Attempts","service":"security-monitor","success":false,"errorCode":"ANOMALY_DETECTED"}
{"timestamp":"2026-02-05T17:10:50.756Z","operation":"anomaly_detection","secretName":"Unusual Access Pattern","service":"security-monitor","success":false,"errorCode":"ANOMALY_DETECTED"}
{"timestamp":"2026-02-05T17:10:50.757Z","operation":"anomaly_detection","secretName":"Multiple Failed Login Attempts","service":"security-monitor","success":false,"errorCode":"ANOMALY_DETECTED"}
{"timestamp":"2026-02-05T17:10:50.759Z","operation":"anomaly_detection","secretName":"Unusual Access Pattern","service":"security-monitor","success":false,"errorCode":"ANOMALY_DETECTED"}
{"timestamp":"2026-02-05T17:10:50.759Z","operation":"anomaly_detection","secretName":"Multiple Failed Login Attempts","service":"security-monitor","success":false,"errorCode":"ANOMALY_DETECTED"}
{"timestamp":"2026-02-05T17:10:50.759Z","operation":"anomaly_detection","secretName":"Unusual Access Pattern","service":"security-monitor","success":false,"errorCode":"ANOMALY_DETECTED"}
{"timestamp":"2026-02-05T17:10:50.760Z","operation":"anomaly_detection","secretName":"Multiple Failed Login Attempts","service":"security-monitor","success":false,"errorCode":"ANOMALY_DETECTED"}
{"timestamp":"2026-02-05T17:10:50.760Z","operation":"anomaly_detection","secretName":"Unusual Access Pattern","service":"security-monitor","success":false,"errorCode":"ANOMALY_DETECTED"}
{"timestamp":"2026-02-05T17:10:50.760Z","operation":"anomaly_detection","secretName":"Multiple Failed Login Attempts","service":"security-monitor","success":false,"errorCode":"ANOMALY_DETECTED"}
{"timestamp":"2026-02-05T17:10:50.760Z","operation":"anomaly_detection","secretName":"Unusual Access Pattern","service":"security-monitor","success":false,"errorCode":"ANOMALY_DETECTED"}
{"timestamp":"2026-02-05T17:10:50.760Z","operation":"anomaly_detection","secretName":"Multiple Failed Login Attempts","service":"security-monitor","success":false,"errorCode":"ANOMALY_DETECTED"}
{"timestamp":"2026-02-05T17:10:50.761Z","operation":"anomaly_detection","secretName":"Unusual Access Pattern","service":"security-monitor","success":false,"errorCode":"ANOMALY_DETECTED"}
{"timestamp":"2026-02-05T17:10:50.762Z","operation":"anomaly_detection","secretName":"Multiple Failed Login Attempts","service":"security-monitor","success":false,"errorCode":"ANOMALY_DETECTED"}
{"timestamp":"2026-02-05T17:10:50.763Z","operation":"anomaly_detection","secretName":"Unusual Access Pattern","service":"security-monitor","success":false,"errorCode":"ANOMALY_DETECTED"}
{"timestamp":"2026-02-05T17:10:50.763Z","operation":"anomaly_detection","secretName":"Multiple Failed Login Attempts","service":"security-monitor","success":false,"errorCode":"ANOMALY_DETECTED"}
{"timestamp":"2026-02-05T17:10:50.764Z","operation":"anomaly_detection","secretName":"Unusual Access Pattern","service":"security-monitor","success":false,"errorCode":"ANOMALY_DETECTED"}
{"timestamp":"2026-02-05T17:10:50.764Z","operation":"anomaly_detection","secretName":"Multiple Failed Login Attempts","service":"security-monitor","success":false,"errorCode":"ANOMALY_DETECTED"}
{"timestamp":"2026-02-05T17:10:50.764Z","operation":"anomaly_detection","secretName":"Unusual Access Pattern","service":"security-monitor","success":false,"errorCode":"ANOMALY_DETECTED"}
{"timestamp":"2026-02-05T17:10:50.765Z","operation":"anomaly_detection","secretName":"Multiple Failed Login Attempts","service":"security-monitor","success":false,"errorCode":"ANOMALY_DETECTED"}
{"timestamp":"2026-02-05T17:10:50.766Z","operation":"anomaly_detection","secretName":"Unusual Access Pattern","service":"security-monitor","success":false,"errorCode":"ANOMALY_DETECTED"}
