$ bun --env-file ~/.reasonix/.env scripts/bun-ci.ts
bun:ci · 832c6bef · fix/lane-status-tdz-20260807 · Bun 1.3.14 (0d9b296af33f2b851fcbf4df3e9ec89751734ba4) · /Users/nolarose/.bun/bin/bun · R2_BUCKET_NAME=factory-wager-wiki

== bun:ci · nested-registry-install ==
bun install v1.3.14 (0d9b296a)

+ @types/bun@1.3.14
+ typescript@5.9.3
+ zod@3.23.0

12 packages installed [20.00ms]

== bun:ci · core ==
$ bun scripts/ci-core.ts
✓ install-verify (5156ms)
✓ cache-lifecycle (9400ms)
✓ hygiene (297ms)
✓ agent-skills (30ms)
✓ native-docs (501ms)
✓ wiki-coverage (22ms)
✗ wiki-links (24ms)
AGENTS.md:85  lib/docs/ref-id-tool-flags.ts  →  https://github.com/brendadeeznuts1111/project-R-score/blob/main/lib/docs/ref-id-tool-flags.ts
AGENTS.md:86  tools/bun-pr-verify.ts  →  https://github.com/brendadeeznuts1111/project-R-score/blob/main/tools/bun-pr-verify.ts
AGENTS.md:558  lib/github-repository-ref.ts  →  https://github.com/brendadeeznuts1111/project-R-score/blob/main/lib/github-repository-ref.ts
AGENTS.md:559  lib/github-repository-ref.ts  →  https://github.com/brendadeeznuts1111/project-R-score/blob/main/lib/github-repository-ref.ts
AGENTS.md:561  lib/factory/cli.ts  →  https://github.com/brendadeeznuts1111/project-R-score/blob/main/lib/factory/cli.ts
AGENTS.md:562  lib/factory/README.md  →  https://github.com/brendadeeznuts1111/project-R-score/blob/main/lib/factory/README.md
AGENTS.md:571  lib/docs/ref-id-tool-flags.ts  →  https://github.com/brendadeeznuts1111/project-R-score/blob/main/lib/docs/ref-id-tool-flags.ts
AGENTS.md:572  lib/docs/ref-id-tool-flags.ts  →  https://github.com/brendadeeznuts1111/project-R-score/blob/main/lib/docs/ref-id-tool-flags.ts
AGENTS.md:599  .env.example  →  https://github.com/brendadeeznuts1111/project-R-score/blob/main/.env.example
AGENTS.md:623  lib/console/README.md  →  https://github.com/brendadeeznuts1111/project-R-score/blob/main/lib/console/README.md
AGENTS.md:701  lib/console-depth.md  →  https://github.com/brendadeeznuts1111/project-R-score/blob/main/lib/console-depth.md
AGENTS.md:702  lib/github-repository-ref.ts  →  https://github.com/brendadeeznuts1111/project-R-score/blob/main/lib/github-repository-ref.ts
AGENTS.md:702  lib/factory/cli.ts  →  https://github.com/brendadeeznuts1111/project-R-score/blob/main/lib/factory/cli.ts
docs/AGENTS.md:16  ../lib/console/README.md  →  https://github.com/brendadeeznuts1111/project-R-score/blob/main/lib/console/README.md
docs/AGENTS.md:16  ../lib/console-depth.md  →  https://github.com/brendadeeznuts1111/project-R-score/blob/main/lib/console-depth.md
docs/AGENTS.md:16  ../lib/bun-runtime.md  →  https://github.com/brendadeeznuts1111/project-R-score/blob/main/lib/bun-runtime.md
docs/AGENTS.md:17  ../lib/factory/README.md  →  https://github.com/brendadeeznuts1111/project-R-score/blob/main/lib/factory/README.md
docs/AGENTS.md:17  ../lib/github-repository-ref.ts  →  https://github.com/brendadeeznuts1111/project-R-score/blob/main/lib/github-repository-ref.ts
docs/AGENTS.md:18  ../lib/docs/ref-id-tool-flags.ts  →  https://github.com/brendadeeznuts1111/project-R-score/blob/main/lib/docs/ref-id-tool-flags.ts
docs/AGENTS.md:19  ../tools/bun-pr-verify.ts  →  https://github.com/brendadeeznuts1111/project-R-score/blob/main/tools/bun-pr-verify.ts

found 20 wiki link(s)
$ bun tools/wiki-link-check.ts
error: script "wiki:links:check" exited with code 1
❌ wiki-links failed
error: script "ci:core" exited with code 1
bun:ci failed at core
error: script "bun:ci" exited with code 1
