$ bun --console-depth=6 run tools/deep-audit-report.ts
DEEP AUDIT REPORT
Scope: node=partner-deep country=US sport=soccer market=match_winner state=NJ
Seed: 42 · runId: 019fdbb1-77d0-7000-8a44-36ed9f0cc8b9 · depth: 6 · score: 6/6 (integrity+hmac)

  📊 Play Samples (5)
┌─────────┬──────┬─────┐
│ Play ID │ Line │ Won │
├─────────┼──────┼─────┤
│ p0      │ 2.40 │ ❌  │
│ p1      │ 2.50 │ ❌  │
│ p2      │ 1.91 │ ✅  │
│ p3      │ 2.21 │ ❌  │
│ p4      │ 2.62 │ ❌  │
└─────────┴──────┴─────┘

  📈 Sportsbook Patterns (5min post-bet)
┌──────────┬──────┬─────────┬───────┬─────┬───────────────────┐
│ Book     │ Bets │ Avg Mov │ Win % │ RLM │ Flags             │
├──────────┼──────┼─────────┼───────┼─────┼───────────────────┤
│ bet365   │ 30   │ 0.049   │ 53.3% │ 12  │ neutral, high_rlm │
│ fonbet   │ 30   │ -0.153  │ 53.3% │ 12  │ neutral, high_rlm │
│ pinnacle │ 30   │ 0.065   │ 53.3% │ 12  │ neutral, high_rlm │
└──────────┴──────┴─────────┴───────┴─────┴───────────────────┘

  🗺️ ZIP Clusters (90d · mode=enriched)
┌──────┬──────┬───────┬─────────┐
│ ZIP3 │ Bets │ Win % │ Avg CLV │
├──────┼──────┼───────┼─────────┤
│ 084  │ 4    │ 50.0% │ -0.01   │
│ 071  │ 4    │ 50.0% │ 0.21    │
│ 070  │ 4    │ 50.0% │ -0.02   │
└──────┴──────┴───────┴─────────┘

  🛡️ Compliance Check
┌──────────┬────────┐
│ Decision │ Reason │
├──────────┼────────┤
│ ALLOWED  │ —      │
└──────────┴────────┘

  🚀 Limit Raises
┌────────────┬────────────┬──────────────┬─────────┬───────┬───────┬──────────┐
│ Book       │ Sport      │ Market       │ Type    │ Old   │ New   │ When     │
├────────────┼────────────┼──────────────┼─────────┼───────┼───────┼──────────┤
│ draftkings │ soccer     │ match_winner │ pregame │ $5000 │ $7500 │ 8/7/2026 │
│ hardrock   │ basketball │ spread       │ live    │ $500  │ $750  │ 8/7/2026 │
│ draftkings │ soccer     │ match_winner │ pregame │ $2500 │ $5000 │ 8/7/2026 │
└────────────┴────────────┴──────────────┴─────────┴───────┴───────┴──────────┘

  📋 Integrity / Score Checklist
┌────┬─────────────────────────────────────────────────┐
│ OK │ Check                                           │
├────┼─────────────────────────────────────────────────┤
│ ✅ │ Keyed HMAC (REPORT_SIGNING_SECRET)              │
│ ✅ │ Audit-aligned digest algorithm (sha3-256)       │
│ ✅ │ Deterministic fixture (seed=42)                 │
│ ✅ │ Compliance ALLOW under NJ licensed partner-deep │
│ ✅ │ ZIP 90d window via enriched_at (12/30 plays)    │
│ ✅ │ 🚀 Limit raises detected: 3 (fixture)           │
└────┴─────────────────────────────────────────────────┘

🔐 Integrity (sha3-256): 1088899d70c9f760e5eba66be5c4b21c1a788f4720736ca7dfee7e7e45603ece
   Bun 1.3.14 · 2026-08-07T10:07:48.699Z
   runId: 019fdbb1-77d0-7000-8a44-36ed9f0cc8b9
🔏 HMAC-SHA256: f298c95230b517d6c000580a827e2114666c6779eb68b0d6bf0c6de2b246d8ad

🔍 Patterns (deep):
[
  {
    bookmaker: "bet365",
    total: 30,
    avg_mov: 0.048892,
    win_rate: 0.533333,
    rlm: 12,
    flags: [ "neutral", "high_rlm" ],
  }, {
    bookmaker: "fonbet",
    total: 30,
    avg_mov: -0.153409,
    win_rate: 0.533333,
    rlm: 12,
    flags: [ "neutral", "high_rlm" ],
  }, {
    bookmaker: "pinnacle",
    total: 30,
    avg_mov: 0.06516,
    win_rate: 0.533333,
    rlm: 12,
    flags: [ "neutral", "high_rlm" ],
  }
]

🔍 ZIP clusters (deep):
[
  {
    zip_prefix: "084",
    total_plays: 4,
    win_rate: 0.5,
    avg_clv: -0.006520285690203298,
  }, {
    zip_prefix: "071",
    total_plays: 4,
    win_rate: 0.5,
    avg_clv: 0.20903760173823693,
  }, {
    zip_prefix: "070",
    total_plays: 4,
    win_rate: 0.5,
    avg_clv: -0.019745618454180658,
  }
]
