AGENTS.md:85  lib/docs/ref-id-tool-flags.ts  →  https://github.com/brendadeeznuts1111/project-R-score/blob/main/lib/docs/ref-id-tool-flags.ts
AGENTS.md:86  tools/bun-pr-verify.ts  →  https://github.com/brendadeeznuts1111/project-R-score/blob/main/tools/bun-pr-verify.ts
AGENTS.md:558  lib/github-repository-ref.ts  →  https://github.com/brendadeeznuts1111/project-R-score/blob/main/lib/github-repository-ref.ts
AGENTS.md:559  lib/github-repository-ref.ts  →  https://github.com/brendadeeznuts1111/project-R-score/blob/main/lib/github-repository-ref.ts
AGENTS.md:561  lib/factory/cli.ts  →  https://github.com/brendadeeznuts1111/project-R-score/blob/main/lib/factory/cli.ts
AGENTS.md:562  lib/factory/README.md  →  https://github.com/brendadeeznuts1111/project-R-score/blob/main/lib/factory/README.md
AGENTS.md:571  lib/docs/ref-id-tool-flags.ts  →  https://github.com/brendadeeznuts1111/project-R-score/blob/main/lib/docs/ref-id-tool-flags.ts
AGENTS.md:572  lib/docs/ref-id-tool-flags.ts  →  https://github.com/brendadeeznuts1111/project-R-score/blob/main/lib/docs/ref-id-tool-flags.ts
AGENTS.md:599  .env.example  →  https://github.com/brendadeeznuts1111/project-R-score/blob/main/.env.example
AGENTS.md:623  lib/console/README.md  →  https://github.com/brendadeeznuts1111/project-R-score/blob/main/lib/console/README.md
AGENTS.md:701  lib/console-depth.md  →  https://github.com/brendadeeznuts1111/project-R-score/blob/main/lib/console-depth.md
AGENTS.md:702  lib/github-repository-ref.ts  →  https://github.com/brendadeeznuts1111/project-R-score/blob/main/lib/github-repository-ref.ts
AGENTS.md:702  lib/factory/cli.ts  →  https://github.com/brendadeeznuts1111/project-R-score/blob/main/lib/factory/cli.ts
docs/AGENTS.md:16  ../lib/console/README.md  →  https://github.com/brendadeeznuts1111/project-R-score/blob/main/lib/console/README.md
docs/AGENTS.md:16  ../lib/console-depth.md  →  https://github.com/brendadeeznuts1111/project-R-score/blob/main/lib/console-depth.md
docs/AGENTS.md:16  ../lib/bun-runtime.md  →  https://github.com/brendadeeznuts1111/project-R-score/blob/main/lib/bun-runtime.md
docs/AGENTS.md:17  ../lib/factory/README.md  →  https://github.com/brendadeeznuts1111/project-R-score/blob/main/lib/factory/README.md
docs/AGENTS.md:17  ../lib/github-repository-ref.ts  →  https://github.com/brendadeeznuts1111/project-R-score/blob/main/lib/github-repository-ref.ts
docs/AGENTS.md:18  ../lib/docs/ref-id-tool-flags.ts  →  https://github.com/brendadeeznuts1111/project-R-score/blob/main/lib/docs/ref-id-tool-flags.ts
docs/AGENTS.md:19  ../tools/bun-pr-verify.ts  →  https://github.com/brendadeeznuts1111/project-R-score/blob/main/tools/bun-pr-verify.ts

fixed 20 wiki link(s)
