// Bun Snapshot v1, https://bun.sh/docs/test/snapshots

exports[`identity-board report shape snapshot (normalized) 1`] = `
{
  "aliases": [
    {
      "createdAt": "<ts>",
      "failedAttempts": 0,
      "lockReason": null,
      "lockedUntil": null,
      "nodeId": "<uuid>",
      "role": "operator",
      "slug": "board-user",
    },
    {
      "createdAt": "<ts>",
      "failedAttempts": 5,
      "lockReason": "too_many_failed_attempts",
      "lockedUntil": "<unix>",
      "nodeId": "<uuid>",
      "role": "operator",
      "slug": "board-locked",
    },
  ],
  "anomalyByAction": {
    "login_blocked_geo": 1,
  },
  "audit": [
    {
      "action": "login_blocked_geo",
      "createdAt": "<ts>",
      "impersonatorId": null,
      "ip": null,
      "nodeId": "<uuid>",
      "success": false,
    },
    {
      "action": "account_locked",
      "createdAt": "<ts>",
      "impersonatorId": null,
      "ip": null,
      "nodeId": "<uuid>",
      "success": true,
    },
    {
      "action": "login_failed",
      "createdAt": "<ts>",
      "impersonatorId": null,
      "ip": null,
      "nodeId": "<uuid>",
      "success": false,
    },
    {
      "action": "login_failed",
      "createdAt": "<ts>",
      "impersonatorId": null,
      "ip": null,
      "nodeId": "<uuid>",
      "success": false,
    },
    {
      "action": "login_failed",
      "createdAt": "<ts>",
      "impersonatorId": null,
      "ip": null,
      "nodeId": "<uuid>",
      "success": false,
    },
    {
      "action": "login_failed",
      "createdAt": "<ts>",
      "impersonatorId": null,
      "ip": null,
      "nodeId": "<uuid>",
      "success": false,
    },
    {
      "action": "login_failed",
      "createdAt": "<ts>",
      "impersonatorId": null,
      "ip": null,
      "nodeId": "<uuid>",
      "success": false,
    },
    {
      "action": "login_success",
      "createdAt": "<ts>",
      "impersonatorId": null,
      "ip": null,
      "nodeId": "<uuid>",
      "success": true,
    },
    {
      "action": "alias_created",
      "createdAt": "<ts>",
      "impersonatorId": null,
      "ip": null,
      "nodeId": "<uuid>",
      "success": true,
    },
    {
      "action": "alias_created",
      "createdAt": "<ts>",
      "impersonatorId": null,
      "ip": null,
      "nodeId": "<uuid>",
      "success": true,
    },
  ],
  "counts": {
    "activeSessions": 1,
    "aliases": 2,
    "anomalies24h": 1,
    "lockedAccounts": 1,
  },
  "dbPath": "<db>",
  "empty": false,
  "generatedAt": "<ts>",
  "kind": "identity-board",
  "sessions": [
    {
      "createdAt": "<ts>",
      "expiresAt": "<unix>",
      "impersonatorId": null,
      "ip": null,
      "nodeId": "<uuid>",
      "userAgent": null,
    },
  ],
}
`;
