// Bun Snapshot v1, https://bun.sh/docs/test/snapshots

exports[`model circuit contracts package, owner, aggregate, vocabulary, flag, and file contracts match snapshot 1`] = `
{
  "edgeOpportunityProperties": [
    "id",
    "event_id",
    "sport",
    "league",
    "home",
    "away",
    "market",
    "type",
    "edge_percent",
    "expected_value",
    "confidence",
    "kelly_fraction",
    "stake_suggestion",
    "bookmakers",
    "bookmaker_ids",
    "odds",
    "latency_ms",
    "latency_adjusted",
    "liquidity_tiers",
    "timestamp",
    "intake",
    "ml",
  ],
  "fileOwnership": [
    {
      "authority": "Repository ignore policy",
      "deliveryChannel": "repository",
      "domain": "repository-governance",
      "generated": false,
      "group": "policy",
      "ownerModule": "repository-policy",
      "package": "factorywager-enterprise",
      "path": ".gitignore",
      "role": "Expose the model harness configuration to version control",
      "scope": "shared",
    },
    {
      "authority": "Model harness configuration",
      "deliveryChannel": "configuration",
      "domain": "operator-research",
      "generated": false,
      "group": "configuration",
      "ownerModule": "model-controls",
      "package": "factorywager-enterprise",
      "path": "config/operator-research/model-harness.toml",
      "role": "Lock model intake and weight-isolation flags",
      "scope": "self",
    },
    {
      "authority": "Harness tenant documentation",
      "deliveryChannel": "documentation",
      "domain": "documentation",
      "generated": false,
      "group": "documentation",
      "ownerModule": "model-controls",
      "package": "factorywager-enterprise",
      "path": "docs/harness/tenants/model-circuit-contracts.md",
      "role": "Explain the model circuit ownership and proof boundary",
      "scope": "self",
    },
    {
      "authority": "Bun native capability inventory",
      "deliveryChannel": "documentation",
      "domain": "documentation",
      "generated": false,
      "group": "documentation",
      "ownerModule": "markdown-policy",
      "package": "factorywager-enterprise",
      "path": "docs/BUN_NATIVE_CAPABILITIES.md",
      "role": "Publish the bounded Bun Markdown structural-owner evidence block",
      "scope": "shared",
    },
    {
      "authority": "Markdown package guide",
      "deliveryChannel": "documentation",
      "domain": "documentation",
      "generated": false,
      "group": "documentation",
      "ownerModule": "markdown-policy",
      "package": "factorywager-enterprise",
      "path": "lib/markdown/README.md",
      "role": "Document the Bun Markdown parser and renderer boundary",
      "scope": "shared",
    },
    {
      "authority": "MARKDOWN_PRESET_README",
      "deliveryChannel": "runtime",
      "domain": "operator-research",
      "generated": false,
      "group": "contracts",
      "ownerModule": "markdown-policy",
      "package": "factorywager-enterprise",
      "path": "lib/markdown/options.ts",
      "role": "Own canonical explicit Bun Markdown parser options",
      "scope": "shared",
    },
    {
      "authority": "Operator research package guide",
      "deliveryChannel": "documentation",
      "domain": "documentation",
      "generated": false,
      "group": "documentation",
      "ownerModule": "operator-research",
      "package": "factorywager-enterprise",
      "path": "lib/operator-research/README.md",
      "role": "Route operators to runtime and contract owners",
      "scope": "shared",
    },
    {
      "authority": "Agent odds HTTP runtime",
      "deliveryChannel": "runtime",
      "domain": "operator-research",
      "generated": false,
      "group": "runtime",
      "ownerModule": "agent-odds-http",
      "package": "factorywager-enterprise",
      "path": "lib/operator-research/agent-odds-http.ts",
      "role": "Parse simulator alert rule input at the HTTP boundary",
      "scope": "shared",
    },
    {
      "authority": "Operator research alert vocabulary",
      "deliveryChannel": "runtime",
      "domain": "operator-research",
      "generated": false,
      "group": "contracts",
      "ownerModule": "alert-vocabulary",
      "package": "factorywager-enterprise",
      "path": "lib/operator-research/alert-vocabulary.ts",
      "role": "Own distinct closed edge, movement, alert, channel, and period vocabularies",
      "scope": "self",
    },
    {
      "authority": "Operator research runtime",
      "deliveryChannel": "runtime",
      "domain": "operator-research",
      "generated": false,
      "group": "runtime",
      "ownerModule": "edge-engine",
      "package": "factorywager-enterprise",
      "path": "lib/operator-research/edge-engine.ts",
      "role": "Project verified circuit inputs into model output and diagnostics",
      "scope": "shared",
    },
    {
      "authority": "MODEL_CONTRACT_FILE_REGISTRY",
      "deliveryChannel": "documentation",
      "domain": "documentation",
      "generated": true,
      "group": "registry",
      "ownerModule": "file-accountability",
      "package": "factorywager-enterprise",
      "path": "lib/operator-research/files.md",
      "role": "Publish the human-readable file accountability projection",
      "scope": "generated",
    },
    {
      "authority": "Alert matching runtime",
      "deliveryChannel": "runtime",
      "domain": "operator-research",
      "generated": false,
      "group": "runtime",
      "ownerModule": "alert-matching",
      "package": "factorywager-enterprise",
      "path": "lib/operator-research/matching/alerts.ts",
      "role": "Own closed alert pattern and delivery matching",
      "scope": "shared",
    },
    {
      "authority": "Signal matching runtime",
      "deliveryChannel": "runtime",
      "domain": "operator-research",
      "generated": false,
      "group": "runtime",
      "ownerModule": "signal-matching",
      "package": "factorywager-enterprise",
      "path": "lib/operator-research/matching/signals.ts",
      "role": "Own normalized movement signal matching",
      "scope": "shared",
    },
    {
      "authority": "MODEL_PROPERTY_CONTRACTS",
      "deliveryChannel": "runtime",
      "domain": "operator-research",
      "generated": false,
      "group": "contracts",
      "ownerModule": "property-contracts",
      "package": "factorywager-enterprise",
      "path": "lib/operator-research/model-contracts.ts",
      "role": "Own aggregate-aware property, flag, and weight-input contracts",
      "scope": "self",
    },
    {
      "authority": "MODEL_CONTRACT_FILE_REGISTRY",
      "deliveryChannel": "runtime",
      "domain": "operator-research",
      "generated": false,
      "group": "contracts",
      "ownerModule": "file-accountability",
      "package": "factorywager-enterprise",
      "path": "lib/operator-research/model-contract-files.ts",
      "role": "Own typed file metadata and its Markdown projection",
      "scope": "self",
    },
    {
      "authority": "Bun snapshot suite registry",
      "deliveryChannel": "test",
      "domain": "test-harness",
      "generated": false,
      "group": "registry",
      "ownerModule": "snapshot-harness",
      "package": "factorywager-enterprise",
      "path": "lib/portal/bun-test-snapshots.ts",
      "role": "Register the model-circuit snapshot suite",
      "scope": "shared",
    },
    {
      "authority": "Package script registry",
      "deliveryChannel": "repository",
      "domain": "repository-governance",
      "generated": false,
      "group": "commands",
      "ownerModule": "package-commands",
      "package": "factorywager-enterprise",
      "path": "package.json",
      "role": "Expose model contract check and update commands",
      "scope": "shared",
    },
    {
      "authority": "Bun test",
      "deliveryChannel": "test",
      "domain": "test-harness",
      "generated": false,
      "group": "tests",
      "ownerModule": "contract-tests",
      "package": "factorywager-enterprise",
      "path": "tests/edge-engine.test.ts",
      "role": "Prove edge runtime behavior at its public boundary",
      "scope": "shared",
    },
    {
      "authority": "Bun test",
      "deliveryChannel": "test",
      "domain": "test-harness",
      "generated": false,
      "group": "tests",
      "ownerModule": "contract-tests",
      "package": "factorywager-enterprise",
      "path": "tests/agent-odds-http.test.ts",
      "role": "Prove alert vocabularies are parsed at the HTTP boundary",
      "scope": "shared",
    },
    {
      "authority": "Bun test",
      "deliveryChannel": "test",
      "domain": "test-harness",
      "generated": false,
      "group": "tests",
      "ownerModule": "markdown-policy",
      "package": "factorywager-enterprise",
      "path": "tests/markdown-options.test.ts",
      "role": "Prove active-runtime Bun Markdown option behavior",
      "scope": "shared",
    },
    {
      "authority": "Bun test",
      "deliveryChannel": "test",
      "domain": "test-harness",
      "generated": false,
      "group": "tests",
      "ownerModule": "contract-tests",
      "package": "factorywager-enterprise",
      "path": "tests/model-circuit-contracts.test.ts",
      "role": "Prove contract completeness, isolation, and file accountability",
      "scope": "self",
    },
    {
      "authority": "Bun test snapshot output",
      "deliveryChannel": "snapshot",
      "domain": "test-harness",
      "generated": true,
      "group": "snapshots",
      "ownerModule": "snapshot-harness",
      "package": "factorywager-enterprise",
      "path": "tests/__snapshots__/model-circuit-contracts.test.ts.snap",
      "role": "Capture the reviewed model circuit contract projection",
      "scope": "generated",
    },
    {
      "authority": "Model contract CLI",
      "deliveryChannel": "tooling",
      "domain": "operator-research",
      "generated": false,
      "group": "commands",
      "ownerModule": "file-accountability",
      "package": "factorywager-enterprise",
      "path": "tools/model-contracts.ts",
      "role": "Check or regenerate the file accountability projection",
      "scope": "self",
    },
    {
      "authority": "Wiki navigation registry",
      "deliveryChannel": "documentation",
      "domain": "documentation",
      "generated": false,
      "group": "navigation",
      "ownerModule": "wiki-navigation",
      "package": "factorywager-enterprise",
      "path": "wiki-index.md",
      "role": "Link the model circuit tenant from repository navigation",
      "scope": "shared",
    },
  ],
  "flags": {
    "circuitOnlyWeights": true,
    "environmentDiagnosticsOnly": true,
    "latencyDiagnosticsOnly": true,
    "rejectSyntheticWeightUpdates": true,
    "snapshotContracts": true,
  },
  "packages": {
    "factorywager-enterprise": {
      "operator-research/circuit": {
        "circuit-input": {
          "market": [
            {
              "affectsWeights": true,
              "aggregate": "circuit-input",
              "group": "market",
              "ownerModule": "operator-research/circuit",
              "package": "factorywager-enterprise",
              "property": "type",
              "required": true,
              "role": "feature",
              "source": "circuit",
              "type": "EdgeType",
            },
            {
              "affectsWeights": true,
              "aggregate": "circuit-input",
              "group": "market",
              "ownerModule": "operator-research/circuit",
              "package": "factorywager-enterprise",
              "property": "odds.book1",
              "required": true,
              "role": "feature",
              "source": "circuit",
              "type": "decimal-string",
            },
            {
              "affectsWeights": true,
              "aggregate": "circuit-input",
              "group": "market",
              "ownerModule": "operator-research/circuit",
              "package": "factorywager-enterprise",
              "property": "odds.book2",
              "required": true,
              "role": "feature",
              "source": "circuit",
              "type": "decimal-string",
            },
          ],
          "movement": [
            {
              "affectsWeights": true,
              "aggregate": "circuit-input",
              "group": "movement",
              "ownerModule": "operator-research/circuit",
              "package": "factorywager-enterprise",
              "property": "edge_percent",
              "required": true,
              "role": "feature",
              "source": "circuit",
              "type": "number",
            },
          ],
          "risk": [
            {
              "affectsWeights": true,
              "aggregate": "circuit-input",
              "group": "risk",
              "ownerModule": "operator-research/circuit",
              "package": "factorywager-enterprise",
              "property": "expected_value",
              "required": true,
              "role": "feature",
              "source": "circuit",
              "type": "number",
            },
            {
              "affectsWeights": true,
              "aggregate": "circuit-input",
              "group": "risk",
              "ownerModule": "operator-research/circuit",
              "package": "factorywager-enterprise",
              "property": "kelly_fraction",
              "required": true,
              "role": "feature",
              "source": "circuit",
              "type": "number",
            },
          ],
        },
        "edge-opportunity": {
          "market": [
            {
              "affectsWeights": false,
              "aggregate": "edge-opportunity",
              "group": "market",
              "ownerModule": "operator-research/circuit",
              "package": "factorywager-enterprise",
              "property": "sport",
              "required": true,
              "role": "diagnostic",
              "source": "circuit",
              "type": "string",
            },
            {
              "affectsWeights": false,
              "aggregate": "edge-opportunity",
              "group": "market",
              "ownerModule": "operator-research/circuit",
              "package": "factorywager-enterprise",
              "property": "league",
              "required": true,
              "role": "diagnostic",
              "source": "circuit",
              "type": "string",
            },
            {
              "affectsWeights": false,
              "aggregate": "edge-opportunity",
              "group": "market",
              "ownerModule": "operator-research/circuit",
              "package": "factorywager-enterprise",
              "property": "home",
              "required": true,
              "role": "diagnostic",
              "source": "circuit",
              "type": "string",
            },
            {
              "affectsWeights": false,
              "aggregate": "edge-opportunity",
              "group": "market",
              "ownerModule": "operator-research/circuit",
              "package": "factorywager-enterprise",
              "property": "away",
              "required": true,
              "role": "diagnostic",
              "source": "circuit",
              "type": "string",
            },
            {
              "affectsWeights": false,
              "aggregate": "edge-opportunity",
              "group": "market",
              "ownerModule": "operator-research/circuit",
              "package": "factorywager-enterprise",
              "property": "market",
              "required": true,
              "role": "diagnostic",
              "source": "circuit",
              "type": "string",
            },
            {
              "affectsWeights": false,
              "aggregate": "edge-opportunity",
              "group": "market",
              "ownerModule": "operator-research/circuit",
              "package": "factorywager-enterprise",
              "property": "bookmakers",
              "required": true,
              "role": "diagnostic",
              "source": "circuit",
              "type": "string[]",
            },
            {
              "affectsWeights": false,
              "aggregate": "edge-opportunity",
              "group": "market",
              "ownerModule": "operator-research/circuit",
              "package": "factorywager-enterprise",
              "property": "bookmaker_ids",
              "required": true,
              "role": "diagnostic",
              "source": "circuit",
              "type": "SportsbookId[]",
            },
            {
              "affectsWeights": false,
              "aggregate": "edge-opportunity",
              "group": "market",
              "ownerModule": "operator-research/circuit",
              "package": "factorywager-enterprise",
              "property": "liquidity_tiers",
              "required": true,
              "role": "diagnostic",
              "source": "circuit",
              "type": "string[]",
            },
          ],
          "risk": [
            {
              "affectsWeights": false,
              "aggregate": "edge-opportunity",
              "group": "risk",
              "ownerModule": "operator-research/circuit",
              "package": "factorywager-enterprise",
              "property": "stake_suggestion",
              "required": true,
              "role": "output",
              "source": "derived",
              "type": "number",
            },
          ],
        },
      },
      "operator-research/controls": {
        "harness-control": {
          "flags": [
            {
              "affectsWeights": false,
              "aggregate": "harness-control",
              "group": "flags",
              "ownerModule": "operator-research/controls",
              "package": "factorywager-enterprise",
              "property": "flags.circuitOnlyWeights",
              "required": true,
              "role": "control",
              "source": "environment",
              "type": "true",
            },
            {
              "affectsWeights": false,
              "aggregate": "harness-control",
              "group": "flags",
              "ownerModule": "operator-research/controls",
              "package": "factorywager-enterprise",
              "property": "flags.latencyDiagnosticsOnly",
              "required": true,
              "role": "control",
              "source": "environment",
              "type": "true",
            },
            {
              "affectsWeights": false,
              "aggregate": "harness-control",
              "group": "flags",
              "ownerModule": "operator-research/controls",
              "package": "factorywager-enterprise",
              "property": "flags.environmentDiagnosticsOnly",
              "required": true,
              "role": "control",
              "source": "environment",
              "type": "true",
            },
            {
              "affectsWeights": false,
              "aggregate": "harness-control",
              "group": "flags",
              "ownerModule": "operator-research/controls",
              "package": "factorywager-enterprise",
              "property": "flags.rejectSyntheticWeightUpdates",
              "required": true,
              "role": "control",
              "source": "environment",
              "type": "true",
            },
            {
              "affectsWeights": false,
              "aggregate": "harness-control",
              "group": "flags",
              "ownerModule": "operator-research/controls",
              "package": "factorywager-enterprise",
              "property": "flags.snapshotContracts",
              "required": true,
              "role": "control",
              "source": "environment",
              "type": "true",
            },
          ],
        },
      },
      "operator-research/diagnostics": {
        "diagnostics": {
          "environment": [
            {
              "affectsWeights": false,
              "aggregate": "diagnostics",
              "group": "environment",
              "ownerModule": "operator-research/diagnostics",
              "package": "factorywager-enterprise",
              "property": "timestamp",
              "required": true,
              "role": "diagnostic",
              "source": "environment",
              "type": "epoch-ms",
            },
          ],
          "transport": [
            {
              "affectsWeights": false,
              "aggregate": "diagnostics",
              "group": "transport",
              "ownerModule": "operator-research/diagnostics",
              "package": "factorywager-enterprise",
              "property": "latency_ms.book1",
              "required": true,
              "role": "diagnostic",
              "source": "transport",
              "type": "number",
            },
            {
              "affectsWeights": false,
              "aggregate": "diagnostics",
              "group": "transport",
              "ownerModule": "operator-research/diagnostics",
              "package": "factorywager-enterprise",
              "property": "latency_ms.book2",
              "required": true,
              "role": "diagnostic",
              "source": "transport",
              "type": "number",
            },
            {
              "affectsWeights": false,
              "aggregate": "diagnostics",
              "group": "transport",
              "ownerModule": "operator-research/diagnostics",
              "package": "factorywager-enterprise",
              "property": "latency_adjusted",
              "required": true,
              "role": "diagnostic",
              "source": "transport",
              "type": "boolean",
            },
            {
              "affectsWeights": false,
              "aggregate": "diagnostics",
              "group": "transport",
              "ownerModule": "operator-research/diagnostics",
              "package": "factorywager-enterprise",
              "property": "confidence",
              "required": true,
              "role": "diagnostic",
              "source": "transport",
              "type": "number",
            },
          ],
        },
      },
      "operator-research/intake": {
        "edge-opportunity": {
          "identity": [
            {
              "affectsWeights": false,
              "aggregate": "edge-opportunity",
              "group": "identity",
              "ownerModule": "operator-research/intake",
              "package": "factorywager-enterprise",
              "property": "id",
              "required": true,
              "role": "diagnostic",
              "source": "derived",
              "type": "EdgeId",
            },
            {
              "affectsWeights": false,
              "aggregate": "edge-opportunity",
              "group": "identity",
              "ownerModule": "operator-research/intake",
              "package": "factorywager-enterprise",
              "property": "event_id",
              "required": true,
              "role": "diagnostic",
              "source": "derived",
              "type": "EventId",
            },
          ],
          "provenance": [
            {
              "affectsWeights": false,
              "aggregate": "edge-opportunity",
              "group": "provenance",
              "ownerModule": "operator-research/intake",
              "package": "factorywager-enterprise",
              "property": "intake.source",
              "required": false,
              "role": "diagnostic",
              "source": "derived",
              "type": "'live' | 'fixture' | 'synthetic'",
            },
            {
              "affectsWeights": false,
              "aggregate": "edge-opportunity",
              "group": "provenance",
              "ownerModule": "operator-research/intake",
              "package": "factorywager-enterprise",
              "property": "intake.circuitVerified",
              "required": false,
              "role": "control",
              "source": "derived",
              "type": "boolean",
            },
          ],
        },
      },
      "operator-research/models": {
        "model-output": {
          "prediction": [
            {
              "affectsWeights": false,
              "aggregate": "model-output",
              "group": "prediction",
              "ownerModule": "operator-research/models",
              "package": "factorywager-enterprise",
              "property": "ml.predicted_prob",
              "required": false,
              "role": "output",
              "source": "derived",
              "type": "number",
            },
            {
              "affectsWeights": false,
              "aggregate": "model-output",
              "group": "prediction",
              "ownerModule": "operator-research/models",
              "package": "factorywager-enterprise",
              "property": "ml.confidence",
              "required": false,
              "role": "output",
              "source": "derived",
              "type": "number",
            },
            {
              "affectsWeights": false,
              "aggregate": "model-output",
              "group": "prediction",
              "ownerModule": "operator-research/models",
              "package": "factorywager-enterprise",
              "property": "ml.model",
              "required": false,
              "role": "output",
              "source": "derived",
              "type": "MlModelName",
            },
          ],
          "provenance": [
            {
              "affectsWeights": false,
              "aggregate": "model-output",
              "group": "provenance",
              "ownerModule": "operator-research/models",
              "package": "factorywager-enterprise",
              "property": "ml.feature_contract",
              "required": false,
              "role": "output",
              "source": "derived",
              "type": "'circuit-v1'",
            },
            {
              "affectsWeights": false,
              "aggregate": "model-output",
              "group": "provenance",
              "ownerModule": "operator-research/models",
              "package": "factorywager-enterprise",
              "property": "ml.weight_eligible",
              "required": false,
              "role": "output",
              "source": "derived",
              "type": "boolean",
            },
            {
              "affectsWeights": false,
              "aggregate": "model-output",
              "group": "provenance",
              "ownerModule": "operator-research/models",
              "package": "factorywager-enterprise",
              "property": "ml.weight_inputs",
              "required": false,
              "role": "output",
              "source": "derived",
              "type": "string[]",
            },
          ],
        },
      },
    },
  },
  "schemaVersion": 2,
  "vocabularies": {
    "alertChannels": [
      "ws",
      "email",
      "telegram",
    ],
    "alertPatterns": [
      "arbitrage",
      "spike",
      "drift",
      "reversal",
    ],
    "alertPeriods": [
      "prematch",
      "live",
      "all",
    ],
    "edgeTypes": [
      "arbitrage",
      "value",
      "steam",
    ],
    "movementPatterns": [
      "spike",
      "drift",
      "reversal",
    ],
    "simulatorAlertPatterns": [
      "arbitrage",
      "value",
      "steam",
      "spike",
      "drift",
      "reversal",
    ],
  },
  "weightInputs": [
    "type",
    "odds.book1",
    "odds.book2",
    "edge_percent",
    "expected_value",
    "kelly_fraction",
  ],
}
`;
