// Bun Snapshot v1, https://bun.sh/docs/test/snapshots

exports[`model circuit contracts package, group, property, pattern, flag, and file contracts match snapshot 1`] = `
{
  "edgeOpportunityProperties": [
    "id",
    "event_id",
    "sport",
    "league",
    "home",
    "away",
    "market",
    "type",
    "edge_percent",
    "expected_value",
    "confidence",
    "kelly_fraction",
    "stake_suggestion",
    "bookmakers",
    "bookmaker_ids",
    "odds",
    "latency_ms",
    "latency_adjusted",
    "liquidity_tiers",
    "timestamp",
    "intake",
    "ml",
  ],
  "files": [
    ".gitignore",
    "config/operator-research/model-harness.toml",
    "docs/harness/tenants/model-circuit-contracts.md",
    "lib/operator-research/README.md",
    "lib/operator-research/edge-engine.ts",
    "lib/operator-research/files.md",
    "lib/operator-research/matching/alerts.ts",
    "lib/operator-research/matching/signals.ts",
    "lib/operator-research/model-contracts.ts",
    "lib/portal/bun-test-snapshots.ts",
    "package.json",
    "tests/edge-engine.test.ts",
    "tests/model-circuit-contracts.test.ts",
    "tests/__snapshots__/model-circuit-contracts.test.ts.snap",
    "tools/model-contracts.ts",
    "wiki-index.md",
  ],
  "flags": {
    "circuitOnlyWeights": true,
    "environmentDiagnosticsOnly": true,
    "latencyDiagnosticsOnly": true,
    "rejectSyntheticWeightUpdates": true,
    "snapshotContracts": true,
  },
  "packages": {
    "operator-research/circuit": {
      "market": [
        {
          "affectsWeights": true,
          "group": "market",
          "package": "operator-research/circuit",
          "property": "type",
          "required": true,
          "role": "feature",
          "source": "circuit",
          "type": "EdgeType",
        },
        {
          "affectsWeights": false,
          "group": "market",
          "package": "operator-research/circuit",
          "property": "sport",
          "required": true,
          "role": "diagnostic",
          "source": "circuit",
          "type": "string",
        },
        {
          "affectsWeights": false,
          "group": "market",
          "package": "operator-research/circuit",
          "property": "league",
          "required": true,
          "role": "diagnostic",
          "source": "circuit",
          "type": "string",
        },
        {
          "affectsWeights": false,
          "group": "market",
          "package": "operator-research/circuit",
          "property": "home",
          "required": true,
          "role": "diagnostic",
          "source": "circuit",
          "type": "string",
        },
        {
          "affectsWeights": false,
          "group": "market",
          "package": "operator-research/circuit",
          "property": "away",
          "required": true,
          "role": "diagnostic",
          "source": "circuit",
          "type": "string",
        },
        {
          "affectsWeights": false,
          "group": "market",
          "package": "operator-research/circuit",
          "property": "market",
          "required": true,
          "role": "diagnostic",
          "source": "circuit",
          "type": "string",
        },
        {
          "affectsWeights": false,
          "group": "market",
          "package": "operator-research/circuit",
          "property": "bookmakers",
          "required": true,
          "role": "diagnostic",
          "source": "circuit",
          "type": "string[]",
        },
        {
          "affectsWeights": false,
          "group": "market",
          "package": "operator-research/circuit",
          "property": "bookmaker_ids",
          "required": true,
          "role": "diagnostic",
          "source": "circuit",
          "type": "SportsbookId[]",
        },
        {
          "affectsWeights": false,
          "group": "market",
          "package": "operator-research/circuit",
          "property": "liquidity_tiers",
          "required": true,
          "role": "diagnostic",
          "source": "circuit",
          "type": "string[]",
        },
        {
          "affectsWeights": true,
          "group": "market",
          "package": "operator-research/circuit",
          "property": "odds.book1",
          "required": true,
          "role": "feature",
          "source": "circuit",
          "type": "decimal-string",
        },
        {
          "affectsWeights": true,
          "group": "market",
          "package": "operator-research/circuit",
          "property": "odds.book2",
          "required": true,
          "role": "feature",
          "source": "circuit",
          "type": "decimal-string",
        },
      ],
      "movement": [
        {
          "affectsWeights": true,
          "group": "movement",
          "package": "operator-research/circuit",
          "property": "edge_percent",
          "required": true,
          "role": "feature",
          "source": "circuit",
          "type": "number",
        },
        {
          "affectsWeights": true,
          "group": "movement",
          "package": "operator-research/circuit",
          "property": "pattern",
          "required": true,
          "role": "feature",
          "source": "circuit",
          "type": "ModelPatternType",
        },
      ],
      "risk": [
        {
          "affectsWeights": true,
          "group": "risk",
          "package": "operator-research/circuit",
          "property": "expected_value",
          "required": true,
          "role": "feature",
          "source": "circuit",
          "type": "number",
        },
        {
          "affectsWeights": true,
          "group": "risk",
          "package": "operator-research/circuit",
          "property": "kelly_fraction",
          "required": true,
          "role": "feature",
          "source": "circuit",
          "type": "number",
        },
        {
          "affectsWeights": false,
          "group": "risk",
          "package": "operator-research/circuit",
          "property": "stake_suggestion",
          "required": true,
          "role": "output",
          "source": "derived",
          "type": "number",
        },
      ],
    },
    "operator-research/controls": {
      "flags": [
        {
          "affectsWeights": false,
          "group": "flags",
          "package": "operator-research/controls",
          "property": "flags.circuitOnlyWeights",
          "required": true,
          "role": "control",
          "source": "environment",
          "type": "true",
        },
        {
          "affectsWeights": false,
          "group": "flags",
          "package": "operator-research/controls",
          "property": "flags.latencyDiagnosticsOnly",
          "required": true,
          "role": "control",
          "source": "environment",
          "type": "true",
        },
        {
          "affectsWeights": false,
          "group": "flags",
          "package": "operator-research/controls",
          "property": "flags.environmentDiagnosticsOnly",
          "required": true,
          "role": "control",
          "source": "environment",
          "type": "true",
        },
        {
          "affectsWeights": false,
          "group": "flags",
          "package": "operator-research/controls",
          "property": "flags.rejectSyntheticWeightUpdates",
          "required": true,
          "role": "control",
          "source": "environment",
          "type": "true",
        },
        {
          "affectsWeights": false,
          "group": "flags",
          "package": "operator-research/controls",
          "property": "flags.snapshotContracts",
          "required": true,
          "role": "control",
          "source": "environment",
          "type": "true",
        },
      ],
    },
    "operator-research/diagnostics": {
      "environment": [
        {
          "affectsWeights": false,
          "group": "environment",
          "package": "operator-research/diagnostics",
          "property": "timestamp",
          "required": true,
          "role": "diagnostic",
          "source": "environment",
          "type": "epoch-ms",
        },
      ],
      "transport": [
        {
          "affectsWeights": false,
          "group": "transport",
          "package": "operator-research/diagnostics",
          "property": "latency_ms.book1",
          "required": true,
          "role": "diagnostic",
          "source": "transport",
          "type": "number",
        },
        {
          "affectsWeights": false,
          "group": "transport",
          "package": "operator-research/diagnostics",
          "property": "latency_ms.book2",
          "required": true,
          "role": "diagnostic",
          "source": "transport",
          "type": "number",
        },
        {
          "affectsWeights": false,
          "group": "transport",
          "package": "operator-research/diagnostics",
          "property": "latency_adjusted",
          "required": true,
          "role": "diagnostic",
          "source": "transport",
          "type": "boolean",
        },
        {
          "affectsWeights": false,
          "group": "transport",
          "package": "operator-research/diagnostics",
          "property": "confidence",
          "required": true,
          "role": "diagnostic",
          "source": "transport",
          "type": "number",
        },
      ],
    },
    "operator-research/intake": {
      "identity": [
        {
          "affectsWeights": false,
          "group": "identity",
          "package": "operator-research/intake",
          "property": "id",
          "required": true,
          "role": "diagnostic",
          "source": "derived",
          "type": "EdgeId",
        },
        {
          "affectsWeights": false,
          "group": "identity",
          "package": "operator-research/intake",
          "property": "event_id",
          "required": true,
          "role": "diagnostic",
          "source": "derived",
          "type": "EventId",
        },
      ],
      "provenance": [
        {
          "affectsWeights": false,
          "group": "provenance",
          "package": "operator-research/intake",
          "property": "intake.source",
          "required": false,
          "role": "diagnostic",
          "source": "derived",
          "type": "'live' | 'fixture' | 'synthetic'",
        },
        {
          "affectsWeights": false,
          "group": "provenance",
          "package": "operator-research/intake",
          "property": "intake.circuitVerified",
          "required": false,
          "role": "control",
          "source": "derived",
          "type": "boolean",
        },
      ],
    },
    "operator-research/models": {
      "prediction": [
        {
          "affectsWeights": false,
          "group": "prediction",
          "package": "operator-research/models",
          "property": "ml.predicted_prob",
          "required": false,
          "role": "output",
          "source": "derived",
          "type": "number",
        },
        {
          "affectsWeights": false,
          "group": "prediction",
          "package": "operator-research/models",
          "property": "ml.confidence",
          "required": false,
          "role": "output",
          "source": "derived",
          "type": "number",
        },
        {
          "affectsWeights": false,
          "group": "prediction",
          "package": "operator-research/models",
          "property": "ml.model",
          "required": false,
          "role": "output",
          "source": "derived",
          "type": "MlModelName",
        },
      ],
      "provenance": [
        {
          "affectsWeights": false,
          "group": "provenance",
          "package": "operator-research/models",
          "property": "ml.feature_contract",
          "required": false,
          "role": "output",
          "source": "derived",
          "type": "'circuit-v1'",
        },
        {
          "affectsWeights": false,
          "group": "provenance",
          "package": "operator-research/models",
          "property": "ml.weight_eligible",
          "required": false,
          "role": "output",
          "source": "derived",
          "type": "boolean",
        },
        {
          "affectsWeights": false,
          "group": "provenance",
          "package": "operator-research/models",
          "property": "ml.weight_inputs",
          "required": false,
          "role": "output",
          "source": "derived",
          "type": "string[]",
        },
      ],
    },
  },
  "patterns": [
    "arbitrage",
    "value",
    "steam",
    "spike",
    "drift",
    "reversal",
  ],
  "schemaVersion": 1,
  "weightInputs": [
    "type",
    "odds.book1",
    "odds.book2",
    "edge_percent",
    "pattern",
    "expected_value",
    "kelly_fraction",
  ],
}
`;
