// Bun Snapshot v1, https://bun.sh/docs/test/snapshots

exports[`partner CLI Bun.spawn snapshot contract captures stable validator output and exact runtime provenance: pinned Bun partner CLI output 1`] = `
{
  "commands": [
    {
      "args": [
        "scripts/validate-partner-dashboard-plan.ts",
      ],
      "exitCode": 0,
      "name": "dashboard-plan",
      "stderr": [],
      "stdout": [
        "✅ partner dashboard plan valid · 33 bindings · 0 gaps · 7 connectors · 8 regions · 9 section mounts · 6 hash routes · 1 required + 0 optional portal inputs · 31 presentation states · 4 profile coverage entries · 0 missing",
      ],
    },
    {
      "args": [
        "scripts/validate-partner-dashboard-plan.ts",
        "--unregistered",
      ],
      "exitCode": 0,
      "name": "dashboard-unregistered-concepts",
      "stderr": [],
      "stdout": [
        "Unregistered partner concepts (0):",
      ],
    },
    {
      "args": [
        "scripts/validate-partner-surface-inventory.ts",
      ],
      "exitCode": 0,
      "name": "surface-inventory",
      "stderr": [],
      "stdout": [
        "✅ partner-surface-inventory validate: 96 rows · 0 warn · schema v3",
      ],
    },
    {
      "args": [
        "scripts/validate-partner-integration.ts",
      ],
      "exitCode": 0,
      "name": "portal-integration",
      "stderr": [],
      "stdout": [
        "Partner integration validation: PASS · routes 6 · tables 3 · tags 25 · topics 5",
      ],
    },
  ],
  "runtime": {
    "revision": "34cbb9a40b4bd1bd767d134a7065e66c2432a676",
    "version": "1.4.0",
  },
}
`;
