{"timestamp":"2026-02-07T18:43:53.080Z","level":"info","cookieName":"session","action":"parse","result":"success","details":"Parsed successfully with score 100/100","securityScore":100,"processingTime":0.31629099999999966}
{"timestamp":"2026-02-07T18:43:53.082Z","level":"info","cookieName":"session","action":"validate","result":"success","details":"Validation score: 100/100. Issues: ","securityScore":100,"processingTime":0.004333000000002585}
{"timestamp":"2026-02-07T18:43:53.083Z","level":"info","cookieName":"user_id","action":"parse","result":"success","details":"Parsed successfully with score 90/100","securityScore":90,"processingTime":0.03499999999999659}
{"timestamp":"2026-02-07T18:43:53.083Z","level":"info","cookieName":"user_id","action":"validate","result":"success","details":"Validation score: 90/100. Issues: ","securityScore":90,"processingTime":0.0056250000000019895}
{"timestamp":"2026-02-07T18:43:53.085Z","level":"warn","cookieName":"analytics_gid","action":"parse","result":"success","details":"Parsed successfully with score 65/100","securityScore":65,"processingTime":0.03470800000000196}
{"timestamp":"2026-02-07T18:43:53.086Z","level":"warn","cookieName":"analytics_gid","action":"validate","result":"failure","details":"Validation score: 65/100. Issues: Missing httpOnly flag","securityScore":65,"processingTime":0.005333000000000254}
{"timestamp":"2026-02-07T18:43:53.087Z","level":"info","cookieName":"csrf_token","action":"parse","result":"success","details":"Parsed successfully with score 100/100","securityScore":100,"processingTime":0.03562499999999602}
{"timestamp":"2026-02-07T18:43:53.088Z","level":"info","cookieName":"csrf_token","action":"validate","result":"success","details":"Validation score: 100/100. Issues: ","securityScore":100,"processingTime":0.005291999999997188}
{"timestamp":"2026-02-07T18:43:53.090Z","level":"info","cookieName":"preferences","action":"parse","result":"success","details":"Parsed successfully with score 90/100","securityScore":90,"processingTime":0.2468330000000023}
{"timestamp":"2026-02-07T18:43:53.092Z","level":"info","cookieName":"preferences","action":"validate","result":"success","details":"Validation score: 90/100. Issues: ","securityScore":90,"processingTime":0.007916999999999064}
{"timestamp":"2026-02-07T18:43:53.093Z","level":"info","cookieName":"auth_token","action":"parse","result":"success","details":"Parsed successfully with score 100/100","securityScore":100,"processingTime":0.06937500000000085}
{"timestamp":"2026-02-07T18:43:53.094Z","level":"info","cookieName":"auth_token","action":"validate","result":"success","details":"Validation score: 100/100. Issues: ","securityScore":100,"processingTime":0.005709000000003073}
{"timestamp":"2026-02-07T18:43:53.095Z","level":"warn","cookieName":"session_invalid","action":"parse","result":"success","details":"Parsed successfully with score 45/100","securityScore":45,"processingTime":0.02795799999999815}
{"timestamp":"2026-02-07T18:43:53.095Z","level":"warn","cookieName":"session_invalid","action":"validate","result":"failure","details":"Validation score: 45/100. Issues: Missing secure flag, Missing sameSite attribute","securityScore":45,"processingTime":0.012375000000005798}
{"timestamp":"2026-02-07T18:43:53.096Z","level":"warn","cookieName":"tracking_id","action":"parse","result":"success","details":"Parsed successfully with score 65/100","securityScore":65,"processingTime":0.1128750000000025}
{"timestamp":"2026-02-07T18:43:53.096Z","level":"warn","cookieName":"tracking_id","action":"validate","result":"failure","details":"Validation score: 65/100. Issues: Missing httpOnly flag","securityScore":65,"processingTime":0.006500000000002615}
{"timestamp":"2026-02-07T18:43:53.096Z","level":"warn","cookieName":"debug","action":"parse","result":"success","details":"Parsed successfully with score 45/100","securityScore":45,"processingTime":0.020417000000001906}
{"timestamp":"2026-02-07T18:43:53.097Z","level":"warn","cookieName":"debug","action":"validate","result":"failure","details":"Validation score: 45/100. Issues: Missing secure flag, Missing sameSite attribute","securityScore":45,"processingTime":0.0060419999999936636}
{"timestamp":"2026-02-07T18:43:53.099Z","level":"info","cookieName":"cache_key","action":"parse","result":"success","details":"Parsed successfully with score 100/100","securityScore":100,"processingTime":0.17933299999999974}
{"timestamp":"2026-02-07T18:43:53.099Z","level":"info","cookieName":"cache_key","action":"validate","result":"success","details":"Validation score: 100/100. Issues: ","securityScore":100,"processingTime":0.004582999999996673}
