
🧭 Monorepo health · Bun 1.3.14 · depth=6
   score 34.7/100 · critical · formula v1
   files 1349 · workspaces 10 · large 558
   entrypoints lib/operations/index.ts, lib/monitoring/index.ts, lib/harness/proof.ts, packages/guards/src/bun-first-guard.ts, packages/registry-client/src/index.ts
┌───┬────────────────────────┬───────┬────────┐
│   │ Metric                 │ Value │ Delta  │
├───┼────────────────────────┼───────┼────────┤
│ 0 │ duplicateDepCount      │ 0     │ -0     │
│ 1 │ deadCodePercent        │ 5.83  │ -2.92  │
│ 2 │ largeFilePercent       │ 41.36 │ -41.36 │
│ 3 │ testFailureRate        │ 0     │ -0     │
│ 4 │ cyclicDependencyCount  │ 14    │ -21    │
│ 5 │ testCoveragePercent    │ 0     │ +0.00  │
└───┴────────────────────────┴───────┴────────┘


trend → Δ0 · n=2 · avg 34.7 · range [34.7…34.7]
   history /workspace/reports/monorepo-health-history.sqlite

notes:
  · import graph via Bun.Transpiler.scanImports; dead=orphan; package edges=215; cycles raw=14 capped=14
  · package import edges (non-relative): 215
  · tests skipped (pass --with-tests / --with-coverage for failure rate + coverage)

→ /workspace/reports/monorepo-health-2026-08-07T20-44-09-673Z.json

